Archive member included to satisfy reference by file (symbol)

C:/ST/STM32CubeIDE_1.19.0/STM32CubeIDE/plugins/com.st.stm32cube.ide.mcu.externaltools.gnu-tools-for-stm32.13.3.rel1.win32_1.0.100.202509120712/tools/bin/../lib/gcc/arm-none-eabi/13.3.1/../../../../arm-none-eabi/lib/thumb/v7-m/nofp\libc_nano.a(libc_a-exit.o)
                              C:/ST/STM32CubeIDE_1.19.0/STM32CubeIDE/plugins/com.st.stm32cube.ide.mcu.externaltools.gnu-tools-for-stm32.13.3.rel1.win32_1.0.100.202509120712/tools/bin/../lib/gcc/arm-none-eabi/13.3.1/../../../../arm-none-eabi/lib/thumb/v7-m/nofp/crt0.o (exit)
C:/ST/STM32CubeIDE_1.19.0/STM32CubeIDE/plugins/com.st.stm32cube.ide.mcu.externaltools.gnu-tools-for-stm32.13.3.rel1.win32_1.0.100.202509120712/tools/bin/../lib/gcc/arm-none-eabi/13.3.1/../../../../arm-none-eabi/lib/thumb/v7-m/nofp\libc_nano.a(libc_a-findfp.o)
                              C:/ST/STM32CubeIDE_1.19.0/STM32CubeIDE/plugins/com.st.stm32cube.ide.mcu.externaltools.gnu-tools-for-stm32.13.3.rel1.win32_1.0.100.202509120712/tools/bin/../lib/gcc/arm-none-eabi/13.3.1/../../../../arm-none-eabi/lib/thumb/v7-m/nofp\libc_nano.a(libc_a-exit.o) (__stdio_exit_handler)
C:/ST/STM32CubeIDE_1.19.0/STM32CubeIDE/plugins/com.st.stm32cube.ide.mcu.externaltools.gnu-tools-for-stm32.13.3.rel1.win32_1.0.100.202509120712/tools/bin/../lib/gcc/arm-none-eabi/13.3.1/../../../../arm-none-eabi/lib/thumb/v7-m/nofp\libc_nano.a(libc_a-fwalk.o)
                              C:/ST/STM32CubeIDE_1.19.0/STM32CubeIDE/plugins/com.st.stm32cube.ide.mcu.externaltools.gnu-tools-for-stm32.13.3.rel1.win32_1.0.100.202509120712/tools/bin/../lib/gcc/arm-none-eabi/13.3.1/../../../../arm-none-eabi/lib/thumb/v7-m/nofp\libc_nano.a(libc_a-findfp.o) (_fwalk_sglue)
C:/ST/STM32CubeIDE_1.19.0/STM32CubeIDE/plugins/com.st.stm32cube.ide.mcu.externaltools.gnu-tools-for-stm32.13.3.rel1.win32_1.0.100.202509120712/tools/bin/../lib/gcc/arm-none-eabi/13.3.1/../../../../arm-none-eabi/lib/thumb/v7-m/nofp\libc_nano.a(libc_a-snprintf.o)
                              ./Core/Src/main.o (snprintf)
C:/ST/STM32CubeIDE_1.19.0/STM32CubeIDE/plugins/com.st.stm32cube.ide.mcu.externaltools.gnu-tools-for-stm32.13.3.rel1.win32_1.0.100.202509120712/tools/bin/../lib/gcc/arm-none-eabi/13.3.1/../../../../arm-none-eabi/lib/thumb/v7-m/nofp\libc_nano.a(libc_a-stdio.o)
                              C:/ST/STM32CubeIDE_1.19.0/STM32CubeIDE/plugins/com.st.stm32cube.ide.mcu.externaltools.gnu-tools-for-stm32.13.3.rel1.win32_1.0.100.202509120712/tools/bin/../lib/gcc/arm-none-eabi/13.3.1/../../../../arm-none-eabi/lib/thumb/v7-m/nofp\libc_nano.a(libc_a-findfp.o) (__sread)
C:/ST/STM32CubeIDE_1.19.0/STM32CubeIDE/plugins/com.st.stm32cube.ide.mcu.externaltools.gnu-tools-for-stm32.13.3.rel1.win32_1.0.100.202509120712/tools/bin/../lib/gcc/arm-none-eabi/13.3.1/../../../../arm-none-eabi/lib/thumb/v7-m/nofp\libc_nano.a(libc_a-memset.o)
                              C:/ST/STM32CubeIDE_1.19.0/STM32CubeIDE/plugins/com.st.stm32cube.ide.mcu.externaltools.gnu-tools-for-stm32.13.3.rel1.win32_1.0.100.202509120712/tools/bin/../lib/gcc/arm-none-eabi/13.3.1/../../../../arm-none-eabi/lib/thumb/v7-m/nofp/crt0.o (memset)
C:/ST/STM32CubeIDE_1.19.0/STM32CubeIDE/plugins/com.st.stm32cube.ide.mcu.externaltools.gnu-tools-for-stm32.13.3.rel1.win32_1.0.100.202509120712/tools/bin/../lib/gcc/arm-none-eabi/13.3.1/../../../../arm-none-eabi/lib/thumb/v7-m/nofp\libc_nano.a(libc_a-closer.o)
                              C:/ST/STM32CubeIDE_1.19.0/STM32CubeIDE/plugins/com.st.stm32cube.ide.mcu.externaltools.gnu-tools-for-stm32.13.3.rel1.win32_1.0.100.202509120712/tools/bin/../lib/gcc/arm-none-eabi/13.3.1/../../../../arm-none-eabi/lib/thumb/v7-m/nofp\libc_nano.a(libc_a-stdio.o) (_close_r)
C:/ST/STM32CubeIDE_1.19.0/STM32CubeIDE/plugins/com.st.stm32cube.ide.mcu.externaltools.gnu-tools-for-stm32.13.3.rel1.win32_1.0.100.202509120712/tools/bin/../lib/gcc/arm-none-eabi/13.3.1/../../../../arm-none-eabi/lib/thumb/v7-m/nofp\libc_nano.a(libc_a-reent.o)
                              C:/ST/STM32CubeIDE_1.19.0/STM32CubeIDE/plugins/com.st.stm32cube.ide.mcu.externaltools.gnu-tools-for-stm32.13.3.rel1.win32_1.0.100.202509120712/tools/bin/../lib/gcc/arm-none-eabi/13.3.1/../../../../arm-none-eabi/lib/thumb/v7-m/nofp\libc_nano.a(libc_a-closer.o) (errno)
C:/ST/STM32CubeIDE_1.19.0/STM32CubeIDE/plugins/com.st.stm32cube.ide.mcu.externaltools.gnu-tools-for-stm32.13.3.rel1.win32_1.0.100.202509120712/tools/bin/../lib/gcc/arm-none-eabi/13.3.1/../../../../arm-none-eabi/lib/thumb/v7-m/nofp\libc_nano.a(libc_a-impure.o)
                              C:/ST/STM32CubeIDE_1.19.0/STM32CubeIDE/plugins/com.st.stm32cube.ide.mcu.externaltools.gnu-tools-for-stm32.13.3.rel1.win32_1.0.100.202509120712/tools/bin/../lib/gcc/arm-none-eabi/13.3.1/../../../../arm-none-eabi/lib/thumb/v7-m/nofp\libc_nano.a(libc_a-snprintf.o) (_impure_ptr)
[...]
Memory Configuration

Name             Origin             Length             Attributes
RAM              0x20000000         0x00010000         xrw
FLASH            0x08000000         0x00080000         xr
*default*        0x00000000         0xffffffff

Linker script and memory map

LOAD C:/ST/STM32CubeIDE_1.19.0/STM32CubeIDE/plugins/com.st.stm32cube.ide.mcu.externaltools.gnu-tools-for-stm32.13.3.rel1.win32_1.0.100.202509120712/tools/bin/../lib/gcc/arm-none-eabi/13.3.1/thumb/v7-m/nofp/crti.o
LOAD C:/ST/STM32CubeIDE_1.19.0/STM32CubeIDE/plugins/com.st.stm32cube.ide.mcu.externaltools.gnu-tools-for-stm32.13.3.rel1.win32_1.0.100.202509120712/tools/bin/../lib/gcc/arm-none-eabi/13.3.1/thumb/v7-m/nofp/crtbegin.o
LOAD C:/ST/STM32CubeIDE_1.19.0/STM32CubeIDE/plugins/com.st.stm32cube.ide.mcu.externaltools.gnu-tools-for-stm32.13.3.rel1.win32_1.0.100.202509120712/tools/bin/../lib/gcc/arm-none-eabi/13.3.1/../../../../arm-none-eabi/lib/thumb/v7-m/nofp/crt0.o
LOAD ./Core/Src/GAUL_drivers/I2C_Slave.o
LOAD ./Core/Src/GAUL_drivers/MLX90393.o
LOAD ./Core/Src/GAUL_drivers/Pulse_pin.o
LOAD ./Core/Src/GAUL_drivers/RFM22.o
LOAD ./Core/Src/GAUL_drivers/buzzer.o
LOAD ./Core/Src/GAUL_drivers/i2c_lcd.o
LOAD ./Core/Src/GAUL_drivers/timer.o
LOAD ./Core/Src/main.o
LOAD ./Core/Src/stm32f1xx_hal_msp.o
LOAD ./Core/Src/stm32f1xx_it.o
LOAD ./Core/Src/syscalls.o
LOAD ./Core/Src/sysmem.o
LOAD ./Core/Src/system_stm32f1xx.o
LOAD ./Core/Startup/startup_stm32f103retx.o
LOAD ./Drivers/STM32F1xx_HAL_Driver/Src/stm32f1xx_hal.o
LOAD ./Drivers/STM32F1xx_HAL_Driver/Src/stm32f1xx_hal_cortex.o
LOAD ./Drivers/STM32F1xx_HAL_Driver/Src/stm32f1xx_hal_dma.o
LOAD ./Drivers/STM32F1xx_HAL_Driver/Src/stm32f1xx_hal_exti.o
LOAD ./Drivers/STM32F1xx_HAL_Driver/Src/stm32f1xx_hal_flash.o
LOAD ./Drivers/STM32F1xx_HAL_Driver/Src/stm32f1xx_hal_flash_ex.o
LOAD ./Drivers/STM32F1xx_HAL_Driver/Src/stm32f1xx_hal_gpio.o
LOAD ./Drivers/STM32F1xx_HAL_Driver/Src/stm32f1xx_hal_gpio_ex.o
LOAD ./Drivers/STM32F1xx_HAL_Driver/Src/stm32f1xx_hal_i2c.o
LOAD ./Drivers/STM32F1xx_HAL_Driver/Src/stm32f1xx_hal_pwr.o
LOAD ./Drivers/STM32F1xx_HAL_Driver/Src/stm32f1xx_hal_rcc.o
LOAD ./Drivers/STM32F1xx_HAL_Driver/Src/stm32f1xx_hal_rcc_ex.o
LOAD ./Drivers/STM32F1xx_HAL_Driver/Src/stm32f1xx_hal_spi.o
LOAD ./Drivers/STM32F1xx_HAL_Driver/Src/stm32f1xx_hal_tim.o
LOAD ./Drivers/STM32F1xx_HAL_Driver/Src/stm32f1xx_hal_tim_ex.o
LOAD ./Drivers/STM32F1xx_HAL_Driver/Src/stm32f1xx_hal_uart.o
START GROUP
LOAD C:/ST/STM32CubeIDE_1.19.0/STM32CubeIDE/plugins/com.st.stm32cube.ide.mcu.externaltools.gnu-tools-for-stm32.13.3.rel1.win32_1.0.100.202509120712/tools/bin/../lib/gcc/arm-none-eabi/13.3.1/../../../../arm-none-eabi/lib/thumb/v7-m/nofp\libc_nano.a
LOAD C:/ST/STM32CubeIDE_1.19.0/STM32CubeIDE/plugins/com.st.stm32cube.ide.mcu.externaltools.gnu-tools-for-stm32.13.3.rel1.win32_1.0.100.202509120712/tools/bin/../lib/gcc/arm-none-eabi/13.3.1/../../../../arm-none-eabi/lib/thumb/v7-m/nofp\libm.a
END GROUP
START GROUP
LOAD C:/ST/STM32CubeIDE_1.19.0/STM32CubeIDE/plugins/com.st.stm32cube.ide.mcu.externaltools.gnu-tools-for-stm32.13.3.rel1.win32_1.0.100.202509120712/tools/bin/../lib/gcc/arm-none-eabi/13.3.1/thumb/v7-m/nofp\libgcc.a
LOAD C:/ST/STM32CubeIDE_1.19.0/STM32CubeIDE/plugins/com.st.stm32cube.ide.mcu.externaltools.gnu-tools-for-stm32.13.3.rel1.win32_1.0.100.202509120712/tools/bin/../lib/gcc/arm-none-eabi/13.3.1/../../../../arm-none-eabi/lib/thumb/v7-m/nofp\libc_nano.a
END GROUP
START GROUP
LOAD C:/ST/STM32CubeIDE_1.19.0/STM32CubeIDE/plugins/com.st.stm32cube.ide.mcu.externaltools.gnu-tools-for-stm32.13.3.rel1.win32_1.0.100.202509120712/tools/bin/../lib/gcc/arm-none-eabi/13.3.1/thumb/v7-m/nofp\libgcc.a
LOAD C:/ST/STM32CubeIDE_1.19.0/STM32CubeIDE/plugins/com.st.stm32cube.ide.mcu.externaltools.gnu-tools-for-stm32.13.3.rel1.win32_1.0.100.202509120712/tools/bin/../lib/gcc/arm-none-eabi/13.3.1/../../../../arm-none-eabi/lib/thumb/v7-m/nofp\libc_nano.a
LOAD C:/ST/STM32CubeIDE_1.19.0/STM32CubeIDE/plugins/com.st.stm32cube.ide.mcu.externaltools.gnu-tools-for-stm32.13.3.rel1.win32_1.0.100.202509120712/tools/bin/../lib/gcc/arm-none-eabi/13.3.1/../../../../arm-none-eabi/lib/thumb/v7-m/nofp\libnosys.a
END GROUP
START GROUP
LOAD C:/ST/STM32CubeIDE_1.19.0/STM32CubeIDE/plugins/com.st.stm32cube.ide.mcu.externaltools.gnu-tools-for-stm32.13.3.rel1.win32_1.0.100.202509120712/tools/bin/../lib/gcc/arm-none-eabi/13.3.1/thumb/v7-m/nofp\libgcc.a
LOAD C:/ST/STM32CubeIDE_1.19.0/STM32CubeIDE/plugins/com.st.stm32cube.ide.mcu.externaltools.gnu-tools-for-stm32.13.3.rel1.win32_1.0.100.202509120712/tools/bin/../lib/gcc/arm-none-eabi/13.3.1/../../../../arm-none-eabi/lib/thumb/v7-m/nofp\libc_nano.a
LOAD C:/ST/STM32CubeIDE_1.19.0/STM32CubeIDE/plugins/com.st.stm32cube.ide.mcu.externaltools.gnu-tools-for-stm32.13.3.rel1.win32_1.0.100.202509120712/tools/bin/../lib/gcc/arm-none-eabi/13.3.1/../../../../arm-none-eabi/lib/thumb/v7-m/nofp\libnosys.a
END GROUP
LOAD C:/ST/STM32CubeIDE_1.19.0/STM32CubeIDE/plugins/com.st.stm32cube.ide.mcu.externaltools.gnu-tools-for-stm32.13.3.rel1.win32_1.0.100.202509120712/tools/bin/../lib/gcc/arm-none-eabi/13.3.1/thumb/v7-m/nofp/crtend.o
LOAD C:/ST/STM32CubeIDE_1.19.0/STM32CubeIDE/plugins/com.st.stm32cube.ide.mcu.externaltools.gnu-tools-for-stm32.13.3.rel1.win32_1.0.100.202509120712/tools/bin/../lib/gcc/arm-none-eabi/13.3.1/thumb/v7-m/nofp/crtn.o
                0x20010000                        _estack = (ORIGIN (RAM) + LENGTH (RAM))
                0x00000200                        _Min_Heap_Size = 0x200
                0x00000400                        _Min_Stack_Size = 0x400

.isr_vector     0x08000000      0x1e4
                0x08000000                        . = ALIGN (0x4)
 *(.isr_vector)
 .isr_vector    0x08000000      0x1e4 ./Core/Startup/startup_stm32f103retx.o
                0x08000000                g_pfnVectors
                0x080001e4                        . = ALIGN (0x4)

.text           0x080001e8     0x8d28
                0x080001e8                        . = ALIGN (0x4)
 *(.text)
 .text          0x080001e8       0x40 C:/ST/STM32CubeIDE_1.19.0/STM32CubeIDE/plugins/com.st.stm32cube.ide.mcu.externaltools.gnu-tools-for-stm32.13.3.rel1.win32_1.0.100.202509120712/tools/bin/../lib/gcc/arm-none-eabi/13.3.1/thumb/v7-m/nofp/crtbegin.o
 .text          0x08000228      0x378 C:/ST/STM32CubeIDE_1.19.0/STM32CubeIDE/plugins/com.st.stm32cube.ide.mcu.externaltools.gnu-tools-for-stm32.13.3.rel1.win32_1.0.100.202509120712/tools/bin/../lib/gcc/arm-none-eabi/13.3.1/thumb/v7-m/nofp\libgcc.a(_arm_addsubdf3.o)
                0x08000228                __aeabi_drsub
                0x08000230                __aeabi_dsub
                0x08000230                __subdf3
                0x08000234                __aeabi_dadd
                0x08000234                __adddf3
                0x080004ac                __floatunsidf
                0x080004ac                __aeabi_ui2d
                0x080004cc                __floatsidf
                0x080004cc                __aeabi_i2d
                0x080004f0                __aeabi_f2d
                0x080004f0                __extendsfdf2
                0x08000534                __floatundidf
                0x08000534                __aeabi_ul2d
                0x08000544                __floatdidf
                0x08000544                __aeabi_l2d
 .text          0x080005a0      0x424 C:/ST/STM32CubeIDE_1.19.0/STM32CubeIDE/plugins/com.st.stm32cube.ide.mcu.externaltools.gnu-tools-for-stm32.13.3.rel1.win32_1.0.100.202509120712/tools/bin/../lib/gcc/arm-none-eabi/13.3.1/thumb/v7-m/nofp\libgcc.a(_arm_muldivdf3.o)
                0x080005a0                __aeabi_dmul
                0x080005a0                __muldf3
                0x080007f4                __divdf3
                0x080007f4                __aeabi_ddiv
 .text          0x080009c4       0x40 C:/ST/STM32CubeIDE_1.19.0/STM32CubeIDE/plugins/com.st.stm32cube.ide.mcu.externaltools.gnu-tools-for-stm32.13.3.rel1.win32_1.0.100.202509120712/tools/bin/../lib/gcc/arm-none-eabi/13.3.1/thumb/v7-m/nofp\libgcc.a(_arm_fixunsdfsi.o)
                0x080009c4                __aeabi_d2uiz
                0x080009c4                __fixunsdfsi
 .text          0x08000a04       0xa0 C:/ST/STM32CubeIDE_1.19.0/STM32CubeIDE/plugins/com.st.stm32cube.ide.mcu.externaltools.gnu-tools-for-stm32.13.3.rel1.win32_1.0.100.202509120712/tools/bin/../lib/gcc/arm-none-eabi/13.3.1/thumb/v7-m/nofp\libgcc.a(_arm_truncdfsf2.o)
                0x08000a04                __truncdfsf2
                0x08000a04                __aeabi_d2f
 .text          0x08000aa4      0x21c C:/ST/STM32CubeIDE_1.19.0/STM32CubeIDE/plugins/com.st.stm32cube.ide.mcu.externaltools.gnu-tools-for-stm32.13.3.rel1.win32_1.0.100.202509120712/tools/bin/../lib/gcc/arm-none-eabi/13.3.1/thumb/v7-m/nofp\libgcc.a(_arm_addsubsf3.o)
                0x08000aa4                __aeabi_frsub
                0x08000aac                __subsf3
                0x08000aac                __aeabi_fsub
                0x08000ab0                __aeabi_fadd
                0x08000ab0                __addsf3
                0x08000c10                __aeabi_ui2f
                0x08000c10                __floatunsisf
                0x08000c18                __aeabi_i2f
                0x08000c18                __floatsisf
                0x08000c34                __aeabi_ul2f
                0x08000c34                __floatundisf
                0x08000c44                __aeabi_l2f
                0x08000c44                __floatdisf
 .text          0x08000cc0      0x2a0 C:/ST/STM32CubeIDE_1.19.0/STM32CubeIDE/plugins/com.st.stm32cube.ide.mcu.externaltools.gnu-tools-for-stm32.13.3.rel1.win32_1.0.100.202509120712/tools/bin/../lib/gcc/arm-none-eabi/13.3.1/thumb/v7-m/nofp\libgcc.a(_arm_muldivsf3.o)
                0x08000cc0                __mulsf3
                0x08000cc0                __aeabi_fmul
                0x08000e28                __aeabi_fdiv
                0x08000e28                __divsf3
 .text          0x08000f60       0xec C:/ST/STM32CubeIDE_1.19.0/STM32CubeIDE/plugins/com.st.stm32cube.ide.mcu.externaltools.gnu-tools-for-stm32.13.3.rel1.win32_1.0.100.202509120712/tools/bin/../lib/gcc/arm-none-eabi/13.3.1/thumb/v7-m/nofp\libgcc.a(_arm_cmpsf2.o)
                0x08000f60                __gesf2
                0x08000f60                __gtsf2
                0x08000f68                __lesf2
                0x08000f68                __ltsf2
                0x08000f70                __nesf2
                0x08000f70                __eqsf2
                0x08000f70                __cmpsf2
                0x08000fd0                __aeabi_cfrcmple
                0x08000fd8                __aeabi_cfcmpeq
                0x08000fd8                __aeabi_cfcmple
                0x08000fe8                __aeabi_fcmpeq
                0x08000ffc                __aeabi_fcmplt
                0x08001010                __aeabi_fcmple
                0x08001024                __aeabi_fcmpge
                0x08001038                __aeabi_fcmpgt
 .text          0x0800104c       0x4c C:/ST/STM32CubeIDE_1.19.0/STM32CubeIDE/plugins/com.st.stm32cube.ide.mcu.externaltools.gnu-tools-for-stm32.13.3.rel1.win32_1.0.100.202509120712/tools/bin/../lib/gcc/arm-none-eabi/13.3.1/thumb/v7-m/nofp\libgcc.a(_arm_fixsfsi.o)
                0x0800104c                __aeabi_f2iz
                0x0800104c                __fixsfsi
 .text          0x08001098       0x40 C:/ST/STM32CubeIDE_1.19.0/STM32CubeIDE/plugins/com.st.stm32cube.ide.mcu.externaltools.gnu-tools-for-stm32.13.3.rel1.win32_1.0.100.202509120712/tools/bin/../lib/gcc/arm-none-eabi/13.3.1/thumb/v7-m/nofp\libgcc.a(_arm_fixunssfsi.o)
                0x08001098                __fixunssfsi
                0x08001098                __aeabi_f2uiz
 *(.text*)
 .text.HAL_I2C_ListenCpltCallback
                0x080010d8       0x16 ./Core/Src/GAUL_drivers/I2C_Slave.o
                0x080010d8                HAL_I2C_ListenCpltCallback
 *fill*         0x080010ee        0x2 
 .text.HAL_I2C_AddrCallback
                0x080010f0       0x34 ./Core/Src/GAUL_drivers/I2C_Slave.o
                0x080010f0                HAL_I2C_AddrCallback
 .text.HAL_I2C_SlaveRxCpltCallback
                0x08001124       0x20 ./Core/Src/GAUL_drivers/I2C_Slave.o
                0x08001124                HAL_I2C_SlaveRxCpltCallback
 .text.HAL_I2C_ErrorCallback
                0x08001144       0x16 ./Core/Src/GAUL_drivers/I2C_Slave.o
                0x08001144                HAL_I2C_ErrorCallback
 *fill*         0x0800115a        0x2 
 .text.PulsePin_init
                0x0800115c       0x90 ./Core/Src/GAUL_drivers/Pulse_pin.o
                0x0800115c                PulsePin_init
 .text.PulsePin
                0x080011ec       0x72 ./Core/Src/GAUL_drivers/Pulse_pin.o
                0x080011ec                PulsePin
 .text._Stop_Pulse
                0x0800125e       0x34 ./Core/Src/GAUL_drivers/Pulse_pin.o
                0x0800125e                _Stop_Pulse
 *fill*         0x08001292        0x2 
 .text._find_pulse_pin
                0x08001294       0x70 ./Core/Src/GAUL_drivers/Pulse_pin.o
                0x08001294                _find_pulse_pin
 .text.RFM22_init
                0x08001304      0x104 ./Core/Src/GAUL_drivers/RFM22.o
                0x08001304                RFM22_init
 .text.RFM22_rx_mode
                0x08001408       0x28 ./Core/Src/GAUL_drivers/RFM22.o
                0x08001408                RFM22_rx_mode
 .text.RFM22_available
                0x08001430       0x24 ./Core/Src/GAUL_drivers/RFM22.o
                0x08001430                RFM22_available
 .text.RFM22_get_RSSI
                0x08001454       0x24 ./Core/Src/GAUL_drivers/RFM22.o
                0x08001454                RFM22_get_RSSI
 .text.RFM22_read_rx
                0x08001478       0x22 ./Core/Src/GAUL_drivers/RFM22.o
                0x08001478                RFM22_read_rx
 .text.RFM22_channel
                0x0800149a       0x20 ./Core/Src/GAUL_drivers/RFM22.o
                0x0800149a                RFM22_channel
 .text.RFM22_SPI_write
                0x080014ba       0x6a ./Core/Src/GAUL_drivers/RFM22.o
                0x080014ba                RFM22_SPI_write
 .text.RFM22_SPI_read
                0x08001524       0x68 ./Core/Src/GAUL_drivers/RFM22.o
                0x08001524                RFM22_SPI_read
 *fill*         0x0800158c        0x4 
 .text.RFM22_get_frequency
                0x08001590      0x148 ./Core/Src/GAUL_drivers/RFM22.o
                0x08001590                RFM22_get_frequency
 .text.buzzer_init
                0x080016d8       0x9c ./Core/Src/GAUL_drivers/buzzer.o
                0x080016d8                buzzer_init
 .text.buzzer_start
                0x08001774      0x170 ./Core/Src/GAUL_drivers/buzzer.o
                0x08001774                buzzer_start
 .text._buzzer_stop
                0x080018e4       0x40 ./Core/Src/GAUL_drivers/buzzer.o
                0x080018e4                _buzzer_stop
 .text.lcd_send_cmd
                0x08001924       0x62 ./Core/Src/GAUL_drivers/i2c_lcd.o
                0x08001924                lcd_send_cmd
 .text.lcd_send_data
                0x08001986       0x62 ./Core/Src/GAUL_drivers/i2c_lcd.o
                0x08001986                lcd_send_data
 .text.lcd_clear
                0x080019e8       0x34 ./Core/Src/GAUL_drivers/i2c_lcd.o
                0x080019e8                lcd_clear
 .text.lcd_gotoxy
                0x08001a1c       0x64 ./Core/Src/GAUL_drivers/i2c_lcd.o
                0x08001a1c                lcd_gotoxy
 .text.lcd_init
                0x08001a80       0x8e ./Core/Src/GAUL_drivers/i2c_lcd.o
                0x08001a80                lcd_init
 .text.lcd_puts
                0x08001b0e       0x2e ./Core/Src/GAUL_drivers/i2c_lcd.o
                0x08001b0e                lcd_puts
 .text.HAL_TIM_OC_DelayElapsedCallback
                0x08001b3c       0x3c ./Core/Src/GAUL_drivers/timer.o
                0x08001b3c                HAL_TIM_OC_DelayElapsedCallback
 .text.find_callback_idx
                0x08001b78       0x6c ./Core/Src/GAUL_drivers/timer.o
                0x08001b78                find_callback_idx
 .text.set_oc_callback
                0x08001be4       0x6c ./Core/Src/GAUL_drivers/timer.o
                0x08001be4                set_oc_callback
 .text.HAL_GPIO_EXTI_Callback
                0x08001c50       0x6c ./Core/Src/main.o
                0x08001c50                HAL_GPIO_EXTI_Callback
 .text.PUSH_ISR
                0x08001cbc       0xa0 ./Core/Src/main.o
                0x08001cbc                PUSH_ISR
 .text.signal_strenght_bar
                0x08001d5c       0x98 ./Core/Src/main.o
                0x08001d5c                signal_strenght_bar
 *fill*         0x08001df4        0x4 
 .text.print_menu
                0x08001df8      0x1b0 ./Core/Src/main.o
                0x08001df8                print_menu
 .text.main     0x08001fa8      0x36c ./Core/Src/main.o
                0x08001fa8                main
 .text.SystemClock_Config
                0x08002314       0x8a ./Core/Src/main.o
                0x08002314                SystemClock_Config
 *fill*         0x0800239e        0x2 
 .text.MX_I2C1_Init
                0x080023a0       0x5c ./Core/Src/main.o
 .text.MX_SPI1_Init
                0x080023fc       0x6c ./Core/Src/main.o
 .text.MX_TIM1_Init
                0x08002468      0x144 ./Core/Src/main.o
 .text.MX_TIM2_Init
                0x080025ac       0xe8 ./Core/Src/main.o
 .text.MX_TIM3_Init
                0x08002694       0xe8 ./Core/Src/main.o
 .text.MX_TIM4_Init
                0x0800277c       0xe8 ./Core/Src/main.o
 .text.MX_TIM5_Init
                0x08002864       0xe8 ./Core/Src/main.o
 .text.MX_UART4_Init
                0x0800294c       0x54 ./Core/Src/main.o
 .text.MX_GPIO_Init
                0x080029a0      0x174 ./Core/Src/main.o
 .text.Error_Handler
                0x08002b14        0xc ./Core/Src/main.o
                0x08002b14                Error_Handler
 .text.HAL_MspInit
                0x08002b20       0x64 ./Core/Src/stm32f1xx_hal_msp.o
                0x08002b20                HAL_MspInit
 .text.HAL_I2C_MspInit
                0x08002b84       0x9c ./Core/Src/stm32f1xx_hal_msp.o
                0x08002b84                HAL_I2C_MspInit
 .text.HAL_SPI_MspInit
                0x08002c20       0x94 ./Core/Src/stm32f1xx_hal_msp.o
                0x08002c20                HAL_SPI_MspInit
 .text.HAL_TIM_Base_MspInit
                0x08002cb4      0x118 ./Core/Src/stm32f1xx_hal_msp.o
                0x08002cb4                HAL_TIM_Base_MspInit
 .text.HAL_TIM_MspPostInit
                0x08002dcc       0x68 ./Core/Src/stm32f1xx_hal_msp.o
                0x08002dcc                HAL_TIM_MspPostInit
 .text.HAL_UART_MspInit
                0x08002e34       0x98 ./Core/Src/stm32f1xx_hal_msp.o
                0x08002e34                HAL_UART_MspInit
 .text.NMI_Handler
                0x08002ecc        0x8 ./Core/Src/stm32f1xx_it.o
                0x08002ecc                NMI_Handler
 .text.HardFault_Handler
                0x08002ed4        0x8 ./Core/Src/stm32f1xx_it.o
                0x08002ed4                HardFault_Handler
 .text.MemManage_Handler
                0x08002edc        0x8 ./Core/Src/stm32f1xx_it.o
                0x08002edc                MemManage_Handler
 .text.BusFault_Handler
                0x08002ee4        0x8 ./Core/Src/stm32f1xx_it.o
                0x08002ee4                BusFault_Handler
 .text.UsageFault_Handler
                0x08002eec        0x8 ./Core/Src/stm32f1xx_it.o
                0x08002eec                UsageFault_Handler
 .text.SVC_Handler
                0x08002ef4        0xc ./Core/Src/stm32f1xx_it.o
                0x08002ef4                SVC_Handler
 .text.DebugMon_Handler
                0x08002f00        0xc ./Core/Src/stm32f1xx_it.o
                0x08002f00                DebugMon_Handler
 .text.PendSV_Handler
                0x08002f0c        0xc ./Core/Src/stm32f1xx_it.o
                0x08002f0c                PendSV_Handler
 .text.SysTick_Handler
                0x08002f18        0xc ./Core/Src/stm32f1xx_it.o
                0x08002f18                SysTick_Handler
 .text.EXTI4_IRQHandler
                0x08002f24        0xe ./Core/Src/stm32f1xx_it.o
                0x08002f24                EXTI4_IRQHandler
 .text.EXTI9_5_IRQHandler
                0x08002f32       0x24 ./Core/Src/stm32f1xx_it.o
                0x08002f32                EXTI9_5_IRQHandler
 *fill*         0x08002f56        0x2 
 .text.TIM2_IRQHandler
                0x08002f58       0x14 ./Core/Src/stm32f1xx_it.o
                0x08002f58                TIM2_IRQHandler
 .text.TIM3_IRQHandler
                0x08002f6c       0x14 ./Core/Src/stm32f1xx_it.o
                0x08002f6c                TIM3_IRQHandler
 .text.TIM4_IRQHandler
                0x08002f80       0x14 ./Core/Src/stm32f1xx_it.o
                0x08002f80                TIM4_IRQHandler
 .text.I2C1_EV_IRQHandler
                0x08002f94       0x14 ./Core/Src/stm32f1xx_it.o
                0x08002f94                I2C1_EV_IRQHandler
 .text.I2C1_ER_IRQHandler
                0x08002fa8       0x14 ./Core/Src/stm32f1xx_it.o
                0x08002fa8                I2C1_ER_IRQHandler
 .text.TIM5_IRQHandler
                0x08002fbc       0x14 ./Core/Src/stm32f1xx_it.o
                0x08002fbc                TIM5_IRQHandler
 .text._sbrk    0x08002fd0       0x6c ./Core/Src/sysmem.o
                0x08002fd0                _sbrk
 .text.SystemInit
                0x0800303c        0xc ./Core/Src/system_stm32f1xx.o
                0x0800303c                SystemInit
 .text.Reset_Handler
                0x08003048       0x48 ./Core/Startup/startup_stm32f103retx.o
                0x08003048                Reset_Handler
 .text.Default_Handler
                0x08003090        0x2 ./Core/Startup/startup_stm32f103retx.o
                0x08003090                RTC_Alarm_IRQHandler
                0x08003090                EXTI2_IRQHandler
                0x08003090                TIM8_TRG_COM_IRQHandler
                0x08003090                TIM8_CC_IRQHandler
                0x08003090                TIM1_CC_IRQHandler
                0x08003090                TIM6_IRQHandler
                0x08003090                PVD_IRQHandler
                0x08003090                SDIO_IRQHandler
                0x08003090                EXTI3_IRQHandler
                0x08003090                EXTI0_IRQHandler
                0x08003090                I2C2_EV_IRQHandler
                0x08003090                ADC1_2_IRQHandler
                0x08003090                SPI1_IRQHandler
                0x08003090                TAMPER_IRQHandler
                0x08003090                TIM8_UP_IRQHandler
                0x08003090                DMA2_Channel2_IRQHandler
                0x08003090                DMA1_Channel4_IRQHandler
                0x08003090                USART3_IRQHandler
                0x08003090                RTC_IRQHandler
                0x08003090                DMA1_Channel7_IRQHandler
                0x08003090                CAN1_RX1_IRQHandler
                0x08003090                UART5_IRQHandler
                0x08003090                ADC3_IRQHandler
                0x08003090                DMA2_Channel1_IRQHandler
                0x08003090                DMA1_Channel6_IRQHandler
                0x08003090                UART4_IRQHandler
                0x08003090                RCC_IRQHandler
                0x08003090                TIM1_TRG_COM_IRQHandler
                0x08003090                DMA1_Channel1_IRQHandler
                0x08003090                Default_Handler
                0x08003090                EXTI15_10_IRQHandler
                0x08003090                TIM7_IRQHandler
                0x08003090                SPI2_IRQHandler
                0x08003090                DMA1_Channel5_IRQHandler
                0x08003090                USB_LP_CAN1_RX0_IRQHandler
                0x08003090                USB_HP_CAN1_TX_IRQHandler
                0x08003090                DMA1_Channel3_IRQHandler
                0x08003090                FSMC_IRQHandler
                0x08003090                TIM1_UP_IRQHandler
                0x08003090                WWDG_IRQHandler
                0x08003090                TIM1_BRK_IRQHandler
                0x08003090                EXTI1_IRQHandler
                0x08003090                DMA2_Channel4_5_IRQHandler
                0x08003090                USART2_IRQHandler
                0x08003090                I2C2_ER_IRQHandler
                0x08003090                DMA1_Channel2_IRQHandler
                0x08003090                TIM8_BRK_IRQHandler
                0x08003090                CAN1_SCE_IRQHandler
                0x08003090                FLASH_IRQHandler
                0x08003090                USART1_IRQHandler
                0x08003090                SPI3_IRQHandler
                0x08003090                USBWakeUp_IRQHandler
                0x08003090                DMA2_Channel3_IRQHandler
 *fill*         0x08003092        0x2 
 .text.HAL_Init
                0x08003094       0x2c ./Drivers/STM32F1xx_HAL_Driver/Src/stm32f1xx_hal.o
                0x08003094                HAL_Init
 .text.HAL_InitTick
                0x080030c0       0x60 ./Drivers/STM32F1xx_HAL_Driver/Src/stm32f1xx_hal.o
                0x080030c0                HAL_InitTick
 .text.HAL_IncTick
                0x08003120       0x24 ./Drivers/STM32F1xx_HAL_Driver/Src/stm32f1xx_hal.o
                0x08003120                HAL_IncTick
 .text.HAL_GetTick
                0x08003144       0x14 ./Drivers/STM32F1xx_HAL_Driver/Src/stm32f1xx_hal.o
                0x08003144                HAL_GetTick
 .text.HAL_Delay
                0x08003158       0x48 ./Drivers/STM32F1xx_HAL_Driver/Src/stm32f1xx_hal.o
                0x08003158                HAL_Delay
 .text.__NVIC_SetPriorityGrouping
                0x080031a0       0x48 ./Drivers/STM32F1xx_HAL_Driver/Src/stm32f1xx_hal_cortex.o
 .text.__NVIC_GetPriorityGrouping
                0x080031e8       0x1c ./Drivers/STM32F1xx_HAL_Driver/Src/stm32f1xx_hal_cortex.o
 .text.__NVIC_EnableIRQ
                0x08003204       0x38 ./Drivers/STM32F1xx_HAL_Driver/Src/stm32f1xx_hal_cortex.o
 .text.__NVIC_SetPriority
                0x0800323c       0x54 ./Drivers/STM32F1xx_HAL_Driver/Src/stm32f1xx_hal_cortex.o
 .text.NVIC_EncodePriority
                0x08003290       0x64 ./Drivers/STM32F1xx_HAL_Driver/Src/stm32f1xx_hal_cortex.o
 .text.SysTick_Config
                0x080032f4       0x44 ./Drivers/STM32F1xx_HAL_Driver/Src/stm32f1xx_hal_cortex.o
 .text.HAL_NVIC_SetPriorityGrouping
                0x08003338       0x16 ./Drivers/STM32F1xx_HAL_Driver/Src/stm32f1xx_hal_cortex.o
                0x08003338                HAL_NVIC_SetPriorityGrouping
 .text.HAL_NVIC_SetPriority
                0x0800334e       0x38 ./Drivers/STM32F1xx_HAL_Driver/Src/stm32f1xx_hal_cortex.o
                0x0800334e                HAL_NVIC_SetPriority
 .text.HAL_NVIC_EnableIRQ
                0x08003386       0x1c ./Drivers/STM32F1xx_HAL_Driver/Src/stm32f1xx_hal_cortex.o
                0x08003386                HAL_NVIC_EnableIRQ
 .text.HAL_SYSTICK_Config
                0x080033a2       0x18 ./Drivers/STM32F1xx_HAL_Driver/Src/stm32f1xx_hal_cortex.o
                0x080033a2                HAL_SYSTICK_Config
 *fill*         0x080033ba        0x2 
 .text.HAL_DMA_Abort_IT
                0x080033bc      0x210 ./Drivers/STM32F1xx_HAL_Driver/Src/stm32f1xx_hal_dma.o
                0x080033bc                HAL_DMA_Abort_IT
 .text.HAL_DMA_GetState
                0x080035cc       0x1a ./Drivers/STM32F1xx_HAL_Driver/Src/stm32f1xx_hal_dma.o
                0x080035cc                HAL_DMA_GetState
 *fill*         0x080035e6        0x2 
 .text.HAL_GPIO_Init
                0x080035e8      0x328 ./Drivers/STM32F1xx_HAL_Driver/Src/stm32f1xx_hal_gpio.o
                0x080035e8                HAL_GPIO_Init
 .text.HAL_GPIO_ReadPin
                0x08003910       0x2e ./Drivers/STM32F1xx_HAL_Driver/Src/stm32f1xx_hal_gpio.o
                0x08003910                HAL_GPIO_ReadPin
 .text.HAL_GPIO_WritePin
                0x0800393e       0x30 ./Drivers/STM32F1xx_HAL_Driver/Src/stm32f1xx_hal_gpio.o
                0x0800393e                HAL_GPIO_WritePin
 *fill*         0x0800396e        0x2 
 .text.HAL_GPIO_EXTI_IRQHandler
                0x08003970       0x30 ./Drivers/STM32F1xx_HAL_Driver/Src/stm32f1xx_hal_gpio.o
                0x08003970                HAL_GPIO_EXTI_IRQHandler
 .text.HAL_I2C_Init
                0x080039a0      0x288 ./Drivers/STM32F1xx_HAL_Driver/Src/stm32f1xx_hal_i2c.o
                0x080039a0                HAL_I2C_Init
 .text.I2C_Flush_DR
                0x08003c28       0x28 ./Drivers/STM32F1xx_HAL_Driver/Src/stm32f1xx_hal_i2c.o
 .text.HAL_I2C_Master_Transmit
                0x08003c50      0x1fc ./Drivers/STM32F1xx_HAL_Driver/Src/stm32f1xx_hal_i2c.o
                0x08003c50                HAL_I2C_Master_Transmit
 .text.HAL_I2C_Slave_Seq_Receive_IT
                0x08003e4c       0xe4 ./Drivers/STM32F1xx_HAL_Driver/Src/stm32f1xx_hal_i2c.o
                0x08003e4c                HAL_I2C_Slave_Seq_Receive_IT
 .text.HAL_I2C_EnableListen_IT
                0x08003f30       0x6a ./Drivers/STM32F1xx_HAL_Driver/Src/stm32f1xx_hal_i2c.o
                0x08003f30                HAL_I2C_EnableListen_IT
 .text.HAL_I2C_EV_IRQHandler
                0x08003f9a      0x2e2 ./Drivers/STM32F1xx_HAL_Driver/Src/stm32f1xx_hal_i2c.o
                0x08003f9a                HAL_I2C_EV_IRQHandler
 .text.HAL_I2C_ER_IRQHandler
                0x0800427c      0x15e ./Drivers/STM32F1xx_HAL_Driver/Src/stm32f1xx_hal_i2c.o
                0x0800427c                HAL_I2C_ER_IRQHandler
 .text.HAL_I2C_MasterTxCpltCallback
                0x080043da       0x12 ./Drivers/STM32F1xx_HAL_Driver/Src/stm32f1xx_hal_i2c.o
                0x080043da                HAL_I2C_MasterTxCpltCallback
 .text.HAL_I2C_MasterRxCpltCallback
                0x080043ec       0x12 ./Drivers/STM32F1xx_HAL_Driver/Src/stm32f1xx_hal_i2c.o
                0x080043ec                HAL_I2C_MasterRxCpltCallback
 .text.HAL_I2C_SlaveTxCpltCallback
                0x080043fe       0x12 ./Drivers/STM32F1xx_HAL_Driver/Src/stm32f1xx_hal_i2c.o
                0x080043fe                HAL_I2C_SlaveTxCpltCallback
 .text.HAL_I2C_MemTxCpltCallback
                0x08004410       0x12 ./Drivers/STM32F1xx_HAL_Driver/Src/stm32f1xx_hal_i2c.o
                0x08004410                HAL_I2C_MemTxCpltCallback
 .text.HAL_I2C_MemRxCpltCallback
                0x08004422       0x12 ./Drivers/STM32F1xx_HAL_Driver/Src/stm32f1xx_hal_i2c.o
                0x08004422                HAL_I2C_MemRxCpltCallback
 .text.HAL_I2C_AbortCpltCallback
                0x08004434       0x12 ./Drivers/STM32F1xx_HAL_Driver/Src/stm32f1xx_hal_i2c.o
                0x08004434                HAL_I2C_AbortCpltCallback
 .text.I2C_MasterTransmit_TXE
                0x08004446      0x138 ./Drivers/STM32F1xx_HAL_Driver/Src/stm32f1xx_hal_i2c.o
 .text.I2C_MasterTransmit_BTF
                0x0800457e       0xec ./Drivers/STM32F1xx_HAL_Driver/Src/stm32f1xx_hal_i2c.o
 .text.I2C_MemoryTransmit_TXE_BTF
                0x0800466a      0x130 ./Drivers/STM32F1xx_HAL_Driver/Src/stm32f1xx_hal_i2c.o
 .text.I2C_MasterReceive_RXNE
                0x0800479a      0x190 ./Drivers/STM32F1xx_HAL_Driver/Src/stm32f1xx_hal_i2c.o
 .text.I2C_MasterReceive_BTF
                0x0800492a      0x1e2 ./Drivers/STM32F1xx_HAL_Driver/Src/stm32f1xx_hal_i2c.o
 .text.I2C_Master_SB
                0x08004b0c      0x10a ./Drivers/STM32F1xx_HAL_Driver/Src/stm32f1xx_hal_i2c.o
 .text.I2C_Master_ADD10
                0x08004c16       0x52 ./Drivers/STM32F1xx_HAL_Driver/Src/stm32f1xx_hal_i2c.o
 .text.I2C_Master_ADDR
                0x08004c68      0x336 ./Drivers/STM32F1xx_HAL_Driver/Src/stm32f1xx_hal_i2c.o
 .text.I2C_SlaveTransmit_TXE
                0x08004f9e       0x7a ./Drivers/STM32F1xx_HAL_Driver/Src/stm32f1xx_hal_i2c.o
 .text.I2C_SlaveTransmit_BTF
                0x08005018       0x40 ./Drivers/STM32F1xx_HAL_Driver/Src/stm32f1xx_hal_i2c.o
 .text.I2C_SlaveReceive_RXNE
                0x08005058       0x7c ./Drivers/STM32F1xx_HAL_Driver/Src/stm32f1xx_hal_i2c.o
 .text.I2C_SlaveReceive_BTF
                0x080050d4       0x42 ./Drivers/STM32F1xx_HAL_Driver/Src/stm32f1xx_hal_i2c.o
 .text.I2C_Slave_ADDR
                0x08005116       0x94 ./Drivers/STM32F1xx_HAL_Driver/Src/stm32f1xx_hal_i2c.o
 *fill*         0x080051aa        0x2 
 .text.I2C_Slave_STOPF
                0x080051ac      0x260 ./Drivers/STM32F1xx_HAL_Driver/Src/stm32f1xx_hal_i2c.o
 .text.I2C_Slave_AF
                0x0800540c       0xe8 ./Drivers/STM32F1xx_HAL_Driver/Src/stm32f1xx_hal_i2c.o
 .text.I2C_ITError
                0x080054f4      0x264 ./Drivers/STM32F1xx_HAL_Driver/Src/stm32f1xx_hal_i2c.o
 .text.I2C_MasterRequestWrite
                0x08005758      0x104 ./Drivers/STM32F1xx_HAL_Driver/Src/stm32f1xx_hal_i2c.o
 .text.I2C_DMAAbort
                0x0800585c      0x150 ./Drivers/STM32F1xx_HAL_Driver/Src/stm32f1xx_hal_i2c.o
 .text.I2C_WaitOnFlagUntilTimeout
                0x080059ac       0xf4 ./Drivers/STM32F1xx_HAL_Driver/Src/stm32f1xx_hal_i2c.o
 .text.I2C_WaitOnMasterAddressFlagUntilTimeout
                0x08005aa0      0x140 ./Drivers/STM32F1xx_HAL_Driver/Src/stm32f1xx_hal_i2c.o
 .text.I2C_WaitOnTXEFlagUntilTimeout
                0x08005be0       0x90 ./Drivers/STM32F1xx_HAL_Driver/Src/stm32f1xx_hal_i2c.o
 .text.I2C_WaitOnBTFFlagUntilTimeout
                0x08005c70       0x90 ./Drivers/STM32F1xx_HAL_Driver/Src/stm32f1xx_hal_i2c.o
 .text.I2C_WaitOnSTOPRequestThroughIT
                0x08005d00       0x64 ./Drivers/STM32F1xx_HAL_Driver/Src/stm32f1xx_hal_i2c.o
 .text.I2C_IsAcknowledgeFailed
                0x08005d64       0x5c ./Drivers/STM32F1xx_HAL_Driver/Src/stm32f1xx_hal_i2c.o
 .text.I2C_ConvertOtherXferOptions
                0x08005dc0       0x34 ./Drivers/STM32F1xx_HAL_Driver/Src/stm32f1xx_hal_i2c.o
 .text.HAL_RCC_OscConfig
                0x08005df4      0x504 ./Drivers/STM32F1xx_HAL_Driver/Src/stm32f1xx_hal_rcc.o
                0x08005df4                HAL_RCC_OscConfig
 .text.HAL_RCC_ClockConfig
                0x080062f8      0x1d4 ./Drivers/STM32F1xx_HAL_Driver/Src/stm32f1xx_hal_rcc.o
                0x080062f8                HAL_RCC_ClockConfig
 .text.HAL_RCC_GetSysClockFreq
                0x080064cc       0xa8 ./Drivers/STM32F1xx_HAL_Driver/Src/stm32f1xx_hal_rcc.o
                0x080064cc                HAL_RCC_GetSysClockFreq
 .text.HAL_RCC_GetHCLKFreq
                0x08006574       0x14 ./Drivers/STM32F1xx_HAL_Driver/Src/stm32f1xx_hal_rcc.o
                0x08006574                HAL_RCC_GetHCLKFreq
 .text.HAL_RCC_GetPCLK1Freq
                0x08006588       0x28 ./Drivers/STM32F1xx_HAL_Driver/Src/stm32f1xx_hal_rcc.o
                0x08006588                HAL_RCC_GetPCLK1Freq
 .text.HAL_RCC_GetPCLK2Freq
                0x080065b0       0x28 ./Drivers/STM32F1xx_HAL_Driver/Src/stm32f1xx_hal_rcc.o
                0x080065b0                HAL_RCC_GetPCLK2Freq
 .text.RCC_Delay
                0x080065d8       0x3c ./Drivers/STM32F1xx_HAL_Driver/Src/stm32f1xx_hal_rcc.o
 .text.HAL_SPI_Init
                0x08006614      0x108 ./Drivers/STM32F1xx_HAL_Driver/Src/stm32f1xx_hal_spi.o
                0x08006614                HAL_SPI_Init
 .text.HAL_SPI_Transmit
                0x0800671c      0x288 ./Drivers/STM32F1xx_HAL_Driver/Src/stm32f1xx_hal_spi.o
                0x0800671c                HAL_SPI_Transmit
 .text.HAL_SPI_TransmitReceive
                0x080069a4      0x352 ./Drivers/STM32F1xx_HAL_Driver/Src/stm32f1xx_hal_spi.o
                0x080069a4                HAL_SPI_TransmitReceive
 *fill*         0x08006cf6        0x2 
 .text.SPI_WaitFlagStateUntilTimeout
                0x08006cf8      0x110 ./Drivers/STM32F1xx_HAL_Driver/Src/stm32f1xx_hal_spi.o
 .text.SPI_EndRxTxTransaction
                0x08006e08       0x62 ./Drivers/STM32F1xx_HAL_Driver/Src/stm32f1xx_hal_spi.o
 .text.HAL_TIM_Base_Init
                0x08006e6a       0x9e ./Drivers/STM32F1xx_HAL_Driver/Src/stm32f1xx_hal_tim.o
                0x08006e6a                HAL_TIM_Base_Init
 .text.HAL_TIM_OC_Init
                0x08006f08       0x9e ./Drivers/STM32F1xx_HAL_Driver/Src/stm32f1xx_hal_tim.o
                0x08006f08                HAL_TIM_OC_Init
 .text.HAL_TIM_OC_MspInit
                0x08006fa6       0x12 ./Drivers/STM32F1xx_HAL_Driver/Src/stm32f1xx_hal_tim.o
                0x08006fa6                HAL_TIM_OC_MspInit
 .text.HAL_TIM_OC_Start_IT
                0x08006fb8      0x210 ./Drivers/STM32F1xx_HAL_Driver/Src/stm32f1xx_hal_tim.o
                0x08006fb8                HAL_TIM_OC_Start_IT
 .text.HAL_TIM_OC_Stop_IT
                0x080071c8      0x17c ./Drivers/STM32F1xx_HAL_Driver/Src/stm32f1xx_hal_tim.o
                0x080071c8                HAL_TIM_OC_Stop_IT
 .text.HAL_TIM_PWM_Init
                0x08007344       0x9e ./Drivers/STM32F1xx_HAL_Driver/Src/stm32f1xx_hal_tim.o
                0x08007344                HAL_TIM_PWM_Init
 .text.HAL_TIM_PWM_MspInit
                0x080073e2       0x12 ./Drivers/STM32F1xx_HAL_Driver/Src/stm32f1xx_hal_tim.o
                0x080073e2                HAL_TIM_PWM_MspInit
 .text.HAL_TIM_PWM_Start
                0x080073f4      0x174 ./Drivers/STM32F1xx_HAL_Driver/Src/stm32f1xx_hal_tim.o
                0x080073f4                HAL_TIM_PWM_Start
 .text.HAL_TIM_PWM_Stop
                0x08007568       0xe0 ./Drivers/STM32F1xx_HAL_Driver/Src/stm32f1xx_hal_tim.o
                0x08007568                HAL_TIM_PWM_Stop
 .text.HAL_TIM_IRQHandler
                0x08007648      0x1e0 ./Drivers/STM32F1xx_HAL_Driver/Src/stm32f1xx_hal_tim.o
                0x08007648                HAL_TIM_IRQHandler
 .text.HAL_TIM_OC_ConfigChannel
                0x08007828       0xb8 ./Drivers/STM32F1xx_HAL_Driver/Src/stm32f1xx_hal_tim.o
                0x08007828                HAL_TIM_OC_ConfigChannel
 .text.HAL_TIM_PWM_ConfigChannel
                0x080078e0      0x184 ./Drivers/STM32F1xx_HAL_Driver/Src/stm32f1xx_hal_tim.o
                0x080078e0                HAL_TIM_PWM_ConfigChannel
 .text.HAL_TIM_ConfigClockSource
                0x08007a64      0x18e ./Drivers/STM32F1xx_HAL_Driver/Src/stm32f1xx_hal_tim.o
                0x08007a64                HAL_TIM_ConfigClockSource
 .text.HAL_TIM_PeriodElapsedCallback
                0x08007bf2       0x12 ./Drivers/STM32F1xx_HAL_Driver/Src/stm32f1xx_hal_tim.o
                0x08007bf2                HAL_TIM_PeriodElapsedCallback
 .text.HAL_TIM_IC_CaptureCallback
                0x08007c04       0x12 ./Drivers/STM32F1xx_HAL_Driver/Src/stm32f1xx_hal_tim.o
                0x08007c04                HAL_TIM_IC_CaptureCallback
 .text.HAL_TIM_PWM_PulseFinishedCallback
                0x08007c16       0x12 ./Drivers/STM32F1xx_HAL_Driver/Src/stm32f1xx_hal_tim.o
                0x08007c16                HAL_TIM_PWM_PulseFinishedCallback
 .text.HAL_TIM_TriggerCallback
                0x08007c28       0x12 ./Drivers/STM32F1xx_HAL_Driver/Src/stm32f1xx_hal_tim.o
                0x08007c28                HAL_TIM_TriggerCallback
 *fill*         0x08007c3a        0x2 
 .text.TIM_Base_SetConfig
                0x08007c3c      0x10c ./Drivers/STM32F1xx_HAL_Driver/Src/stm32f1xx_hal_tim.o
                0x08007c3c                TIM_Base_SetConfig
 .text.TIM_OC1_SetConfig
                0x08007d48       0xe0 ./Drivers/STM32F1xx_HAL_Driver/Src/stm32f1xx_hal_tim.o
 .text.TIM_OC2_SetConfig
                0x08007e28       0xe8 ./Drivers/STM32F1xx_HAL_Driver/Src/stm32f1xx_hal_tim.o
                0x08007e28                TIM_OC2_SetConfig
 .text.TIM_OC3_SetConfig
                0x08007f10       0xe8 ./Drivers/STM32F1xx_HAL_Driver/Src/stm32f1xx_hal_tim.o
 .text.TIM_OC4_SetConfig
                0x08007ff8       0xa8 ./Drivers/STM32F1xx_HAL_Driver/Src/stm32f1xx_hal_tim.o
 .text.TIM_TI1_ConfigInputStage
                0x080080a0       0x5c ./Drivers/STM32F1xx_HAL_Driver/Src/stm32f1xx_hal_tim.o
 .text.TIM_TI2_ConfigInputStage
                0x080080fc       0x5e ./Drivers/STM32F1xx_HAL_Driver/Src/stm32f1xx_hal_tim.o
 .text.TIM_ITRx_SetConfig
                0x0800815a       0x34 ./Drivers/STM32F1xx_HAL_Driver/Src/stm32f1xx_hal_tim.o
 .text.TIM_ETR_SetConfig
                0x0800818e       0x3e ./Drivers/STM32F1xx_HAL_Driver/Src/stm32f1xx_hal_tim.o
                0x0800818e                TIM_ETR_SetConfig
 .text.TIM_CCxChannelCmd
                0x080081cc       0x48 ./Drivers/STM32F1xx_HAL_Driver/Src/stm32f1xx_hal_tim.o
                0x080081cc                TIM_CCxChannelCmd
 .text.HAL_TIMEx_MasterConfigSynchronization
                0x08008214       0xd8 ./Drivers/STM32F1xx_HAL_Driver/Src/stm32f1xx_hal_tim_ex.o
                0x08008214                HAL_TIMEx_MasterConfigSynchronization
 .text.HAL_TIMEx_ConfigBreakDeadTime
                0x080082ec       0xa2 ./Drivers/STM32F1xx_HAL_Driver/Src/stm32f1xx_hal_tim_ex.o
                0x080082ec                HAL_TIMEx_ConfigBreakDeadTime
 .text.HAL_TIMEx_CommutCallback
                0x0800838e       0x12 ./Drivers/STM32F1xx_HAL_Driver/Src/stm32f1xx_hal_tim_ex.o
                0x0800838e                HAL_TIMEx_CommutCallback
 .text.HAL_TIMEx_BreakCallback
                0x080083a0       0x12 ./Drivers/STM32F1xx_HAL_Driver/Src/stm32f1xx_hal_tim_ex.o
                0x080083a0                HAL_TIMEx_BreakCallback
 .text.HAL_UART_Init
                0x080083b2       0xa0 ./Drivers/STM32F1xx_HAL_Driver/Src/stm32f1xx_hal_uart.o
                0x080083b2                HAL_UART_Init
 *fill*         0x08008452        0x2 
 .text.UART_SetConfig
                0x08008454      0x11c ./Drivers/STM32F1xx_HAL_Driver/Src/stm32f1xx_hal_uart.o
 .text.snprintf
                0x08008570       0x6c C:/ST/STM32CubeIDE_1.19.0/STM32CubeIDE/plugins/com.st.stm32cube.ide.mcu.externaltools.gnu-tools-for-stm32.13.3.rel1.win32_1.0.100.202509120712/tools/bin/../lib/gcc/arm-none-eabi/13.3.1/../../../../arm-none-eabi/lib/thumb/v7-m/nofp\libc_nano.a(libc_a-snprintf.o)
                0x08008570                sniprintf
                0x08008570                snprintf
 .text.memset   0x080085dc       0x10 C:/ST/STM32CubeIDE_1.19.0/STM32CubeIDE/plugins/com.st.stm32cube.ide.mcu.externaltools.gnu-tools-for-stm32.13.3.rel1.win32_1.0.100.202509120712/tools/bin/../lib/gcc/arm-none-eabi/13.3.1/../../../../arm-none-eabi/lib/thumb/v7-m/nofp\libc_nano.a(libc_a-memset.o)
                0x080085dc                memset
 .text.__errno  0x080085ec        0xc C:/ST/STM32CubeIDE_1.19.0/STM32CubeIDE/plugins/com.st.stm32cube.ide.mcu.externaltools.gnu-tools-for-stm32.13.3.rel1.win32_1.0.100.202509120712/tools/bin/../lib/gcc/arm-none-eabi/13.3.1/../../../../arm-none-eabi/lib/thumb/v7-m/nofp\libc_nano.a(libc_a-errno.o)
                0x080085ec                __errno
 .text.__libc_init_array
                0x080085f8       0x48 C:/ST/STM32CubeIDE_1.19.0/STM32CubeIDE/plugins/com.st.stm32cube.ide.mcu.externaltools.gnu-tools-for-stm32.13.3.rel1.win32_1.0.100.202509120712/tools/bin/../lib/gcc/arm-none-eabi/13.3.1/../../../../arm-none-eabi/lib/thumb/v7-m/nofp\libc_nano.a(libc_a-init.o)
                0x080085f8                __libc_init_array
 .text.__retarget_lock_acquire_recursive
                0x08008640        0x2 C:/ST/STM32CubeIDE_1.19.0/STM32CubeIDE/plugins/com.st.stm32cube.ide.mcu.externaltools.gnu-tools-for-stm32.13.3.rel1.win32_1.0.100.202509120712/tools/bin/../lib/gcc/arm-none-eabi/13.3.1/../../../../arm-none-eabi/lib/thumb/v7-m/nofp\libc_nano.a(libc_a-lock.o)
                0x08008640                __retarget_lock_acquire_recursive
 .text.__retarget_lock_release_recursive
                0x08008642        0x2 C:/ST/STM32CubeIDE_1.19.0/STM32CubeIDE/plugins/com.st.stm32cube.ide.mcu.externaltools.gnu-tools-for-stm32.13.3.rel1.win32_1.0.100.202509120712/tools/bin/../lib/gcc/arm-none-eabi/13.3.1/../../../../arm-none-eabi/lib/thumb/v7-m/nofp\libc_nano.a(libc_a-lock.o)
                0x08008642                __retarget_lock_release_recursive
 .text.memcpy   0x08008644       0x1c C:/ST/STM32CubeIDE_1.19.0/STM32CubeIDE/plugins/com.st.stm32cube.ide.mcu.externaltools.gnu-tools-for-stm32.13.3.rel1.win32_1.0.100.202509120712/tools/bin/../lib/gcc/arm-none-eabi/13.3.1/../../../../arm-none-eabi/lib/thumb/v7-m/nofp\libc_nano.a(libc_a-memcpy-stub.o)
                0x08008644                memcpy
 .text._free_r  0x08008660       0x90 C:/ST/STM32CubeIDE_1.19.0/STM32CubeIDE/plugins/com.st.stm32cube.ide.mcu.externaltools.gnu-tools-for-stm32.13.3.rel1.win32_1.0.100.202509120712/tools/bin/../lib/gcc/arm-none-eabi/13.3.1/../../../../arm-none-eabi/lib/thumb/v7-m/nofp\libc_nano.a(libc_a-freer.o)
                0x08008660                _free_r
 .text.sbrk_aligned
                0x080086f0       0x44 C:/ST/STM32CubeIDE_1.19.0/STM32CubeIDE/plugins/com.st.stm32cube.ide.mcu.externaltools.gnu-tools-for-stm32.13.3.rel1.win32_1.0.100.202509120712/tools/bin/../lib/gcc/arm-none-eabi/13.3.1/../../../../arm-none-eabi/lib/thumb/v7-m/nofp\libc_nano.a(libc_a-mallocr.o)
 .text._malloc_r
                0x08008734      0x100 C:/ST/STM32CubeIDE_1.19.0/STM32CubeIDE/plugins/com.st.stm32cube.ide.mcu.externaltools.gnu-tools-for-stm32.13.3.rel1.win32_1.0.100.202509120712/tools/bin/../lib/gcc/arm-none-eabi/13.3.1/../../../../arm-none-eabi/lib/thumb/v7-m/nofp\libc_nano.a(libc_a-mallocr.o)
                0x08008734                _malloc_r
 .text.__malloc_lock
                0x08008834        0xc C:/ST/STM32CubeIDE_1.19.0/STM32CubeIDE/plugins/com.st.stm32cube.ide.mcu.externaltools.gnu-tools-for-stm32.13.3.rel1.win32_1.0.100.202509120712/tools/bin/../lib/gcc/arm-none-eabi/13.3.1/../../../../arm-none-eabi/lib/thumb/v7-m/nofp\libc_nano.a(libc_a-mlock.o)
                0x08008834                __malloc_lock
 .text.__malloc_unlock
                0x08008840        0xc C:/ST/STM32CubeIDE_1.19.0/STM32CubeIDE/plugins/com.st.stm32cube.ide.mcu.externaltools.gnu-tools-for-stm32.13.3.rel1.win32_1.0.100.202509120712/tools/bin/../lib/gcc/arm-none-eabi/13.3.1/../../../../arm-none-eabi/lib/thumb/v7-m/nofp\libc_nano.a(libc_a-mlock.o)
                0x08008840                __malloc_unlock
 .text.__ssputs_r
                0x0800884c       0xb6 C:/ST/STM32CubeIDE_1.19.0/STM32CubeIDE/plugins/com.st.stm32cube.ide.mcu.externaltools.gnu-tools-for-stm32.13.3.rel1.win32_1.0.100.202509120712/tools/bin/../lib/gcc/arm-none-eabi/13.3.1/../../../../arm-none-eabi/lib/thumb/v7-m/nofp\libc_nano.a(libc_a-nano-svfprintf.o)
                0x0800884c                __ssputs_r
 *fill*         0x08008902        0x2 
 .text._svfprintf_r
                0x08008904      0x1f8 C:/ST/STM32CubeIDE_1.19.0/STM32CubeIDE/plugins/com.st.stm32cube.ide.mcu.externaltools.gnu-tools-for-stm32.13.3.rel1.win32_1.0.100.202509120712/tools/bin/../lib/gcc/arm-none-eabi/13.3.1/../../../../arm-none-eabi/lib/thumb/v7-m/nofp\libc_nano.a(libc_a-nano-svfprintf.o)
                0x08008904                _svfiprintf_r
                0x08008904                _svfprintf_r
 .text._printf_common
                0x08008afc       0xe4 C:/ST/STM32CubeIDE_1.19.0/STM32CubeIDE/plugins/com.st.stm32cube.ide.mcu.externaltools.gnu-tools-for-stm32.13.3.rel1.win32_1.0.100.202509120712/tools/bin/../lib/gcc/arm-none-eabi/13.3.1/../../../../arm-none-eabi/lib/thumb/v7-m/nofp\libc_nano.a(libc_a-nano-vfprintf_i.o)
                0x08008afc                _printf_common
 .text._printf_i
                0x08008be0      0x23c C:/ST/STM32CubeIDE_1.19.0/STM32CubeIDE/plugins/com.st.stm32cube.ide.mcu.externaltools.gnu-tools-for-stm32.13.3.rel1.win32_1.0.100.202509120712/tools/bin/../lib/gcc/arm-none-eabi/13.3.1/../../../../arm-none-eabi/lib/thumb/v7-m/nofp\libc_nano.a(libc_a-nano-vfprintf_i.o)
                0x08008be0                _printf_i
 .text.memmove  0x08008e1c       0x34 C:/ST/STM32CubeIDE_1.19.0/STM32CubeIDE/plugins/com.st.stm32cube.ide.mcu.externaltools.gnu-tools-for-stm32.13.3.rel1.win32_1.0.100.202509120712/tools/bin/../lib/gcc/arm-none-eabi/13.3.1/../../../../arm-none-eabi/lib/thumb/v7-m/nofp\libc_nano.a(libc_a-memmove.o)
                0x08008e1c                memmove
 .text._sbrk_r  0x08008e50       0x20 C:/ST/STM32CubeIDE_1.19.0/STM32CubeIDE/plugins/com.st.stm32cube.ide.mcu.externaltools.gnu-tools-for-stm32.13.3.rel1.win32_1.0.100.202509120712/tools/bin/../lib/gcc/arm-none-eabi/13.3.1/../../../../arm-none-eabi/lib/thumb/v7-m/nofp\libc_nano.a(libc_a-sbrkr.o)
                0x08008e50                _sbrk_r
 .text.memchr   0x08008e70       0x1c C:/ST/STM32CubeIDE_1.19.0/STM32CubeIDE/plugins/com.st.stm32cube.ide.mcu.externaltools.gnu-tools-for-stm32.13.3.rel1.win32_1.0.100.202509120712/tools/bin/../lib/gcc/arm-none-eabi/13.3.1/../../../../arm-none-eabi/lib/thumb/v7-m/nofp\libc_nano.a(libc_a-memchr-stub.o)
                0x08008e70                memchr
 .text._realloc_r
                0x08008e8c       0x5c C:/ST/STM32CubeIDE_1.19.0/STM32CubeIDE/plugins/com.st.stm32cube.ide.mcu.externaltools.gnu-tools-for-stm32.13.3.rel1.win32_1.0.100.202509120712/tools/bin/../lib/gcc/arm-none-eabi/13.3.1/../../../../arm-none-eabi/lib/thumb/v7-m/nofp\libc_nano.a(libc_a-reallocr.o)
                0x08008e8c                _realloc_r
 .text._malloc_usable_size_r
                0x08008ee8       0x10 C:/ST/STM32CubeIDE_1.19.0/STM32CubeIDE/plugins/com.st.stm32cube.ide.mcu.externaltools.gnu-tools-for-stm32.13.3.rel1.win32_1.0.100.202509120712/tools/bin/../lib/gcc/arm-none-eabi/13.3.1/../../../../arm-none-eabi/lib/thumb/v7-m/nofp\libc_nano.a(libc_a-msizer.o)
                0x08008ee8                _malloc_usable_size_r
 *(.glue_7)
 .glue_7        0x08008ef8        0x0 linker stubs
 *(.glue_7t)
 .glue_7t       0x08008ef8        0x0 linker stubs
 *(.eh_frame)
 .eh_frame      0x08008ef8        0x0 C:/ST/STM32CubeIDE_1.19.0/STM32CubeIDE/plugins/com.st.stm32cube.ide.mcu.externaltools.gnu-tools-for-stm32.13.3.rel1.win32_1.0.100.202509120712/tools/bin/../lib/gcc/arm-none-eabi/13.3.1/thumb/v7-m/nofp/crtbegin.o
 *(.init)
 .init          0x08008ef8        0x4 C:/ST/STM32CubeIDE_1.19.0/STM32CubeIDE/plugins/com.st.stm32cube.ide.mcu.externaltools.gnu-tools-for-stm32.13.3.rel1.win32_1.0.100.202509120712/tools/bin/../lib/gcc/arm-none-eabi/13.3.1/thumb/v7-m/nofp/crti.o
                0x08008ef8                _init
 .init          0x08008efc        0x8 C:/ST/STM32CubeIDE_1.19.0/STM32CubeIDE/plugins/com.st.stm32cube.ide.mcu.externaltools.gnu-tools-for-stm32.13.3.rel1.win32_1.0.100.202509120712/tools/bin/../lib/gcc/arm-none-eabi/13.3.1/thumb/v7-m/nofp/crtn.o
 *(.fini)
 .fini          0x08008f04        0x4 C:/ST/STM32CubeIDE_1.19.0/STM32CubeIDE/plugins/com.st.stm32cube.ide.mcu.externaltools.gnu-tools-for-stm32.13.3.rel1.win32_1.0.100.202509120712/tools/bin/../lib/gcc/arm-none-eabi/13.3.1/thumb/v7-m/nofp/crti.o
                0x08008f04                _fini
 .fini          0x08008f08        0x8 C:/ST/STM32CubeIDE_1.19.0/STM32CubeIDE/plugins/com.st.stm32cube.ide.mcu.externaltools.gnu-tools-for-stm32.13.3.rel1.win32_1.0.100.202509120712/tools/bin/../lib/gcc/arm-none-eabi/13.3.1/thumb/v7-m/nofp/crtn.o
                0x08008f10                        . = ALIGN (0x4)
                0x08008f10                        _etext = .

.vfp11_veneer   0x08008f10        0x0
 .vfp11_veneer  0x08008f10        0x0 linker stubs

.v4_bx          0x08008f10        0x0
 .v4_bx         0x08008f10        0x0 linker stubs

.iplt           0x08008f10        0x0
 .iplt          0x08008f10        0x0 C:/ST/STM32CubeIDE_1.19.0/STM32CubeIDE/plugins/com.st.stm32cube.ide.mcu.externaltools.gnu-tools-for-stm32.13.3.rel1.win32_1.0.100.202509120712/tools/bin/../lib/gcc/arm-none-eabi/13.3.1/thumb/v7-m/nofp/crtbegin.o

.rodata         0x08008f10       0xc0
                0x08008f10                        . = ALIGN (0x4)
 *(.rodata)
 .rodata        0x08008f10       0x60 ./Core/Src/main.o
 *(.rodata*)
 .rodata.AHBPrescTable
                0x08008f70       0x10 ./Core/Src/system_stm32f1xx.o
                0x08008f70                AHBPrescTable
 .rodata.APBPrescTable
                0x08008f80        0x8 ./Core/Src/system_stm32f1xx.o
                0x08008f80                APBPrescTable
 .rodata.aPLLMULFactorTable.1
                0x08008f88       0x10 ./Drivers/STM32F1xx_HAL_Driver/Src/stm32f1xx_hal_rcc.o
 .rodata.aPredivFactorTable.0
                0x08008f98        0x2 ./Drivers/STM32F1xx_HAL_Driver/Src/stm32f1xx_hal_rcc.o
 .rodata._svfprintf_r.str1.1
                0x08008f9a       0x33 C:/ST/STM32CubeIDE_1.19.0/STM32CubeIDE/plugins/com.st.stm32cube.ide.mcu.externaltools.gnu-tools-for-stm32.13.3.rel1.win32_1.0.100.202509120712/tools/bin/../lib/gcc/arm-none-eabi/13.3.1/../../../../arm-none-eabi/lib/thumb/v7-m/nofp\libc_nano.a(libc_a-nano-svfprintf.o)
                                 0x11 (size before relaxing)
 .rodata._printf_i.str1.1
                0x08008fcd        0x0 C:/ST/STM32CubeIDE_1.19.0/STM32CubeIDE/plugins/com.st.stm32cube.ide.mcu.externaltools.gnu-tools-for-stm32.13.3.rel1.win32_1.0.100.202509120712/tools/bin/../lib/gcc/arm-none-eabi/13.3.1/../../../../arm-none-eabi/lib/thumb/v7-m/nofp\libc_nano.a(libc_a-nano-vfprintf_i.o)
                                 0x22 (size before relaxing)
                0x08008fd0                        . = ALIGN (0x4)
 *fill*         0x08008fcd        0x3 

.ARM.extab      0x08008fd0        0x0
                0x08008fd0                        . = ALIGN (0x4)
 *(.ARM.extab* .gnu.linkonce.armextab.*)
                0x08008fd0                        . = ALIGN (0x4)

.ARM            0x08008fd0        0x0
                0x08008fd0                        . = ALIGN (0x4)
                0x08008fd0                        __exidx_start = .
 *(.ARM.exidx*)
                0x08008fd0                        __exidx_end = .
                0x08008fd0                        . = ALIGN (0x4)

.preinit_array  0x08008fd0        0x0
                0x08008fd0                        . = ALIGN (0x4)
                0x08008fd0                        PROVIDE (__preinit_array_start = .)
 *(.preinit_array*)
                0x08008fd0                        PROVIDE (__preinit_array_end = .)
                0x08008fd0                        . = ALIGN (0x4)

.init_array     0x08008fd0        0x4
                0x08008fd0                        . = ALIGN (0x4)
                0x08008fd0                        PROVIDE (__init_array_start = .)
 *(SORT_BY_NAME(.init_array.*))
 *(.init_array*)
 .init_array    0x08008fd0        0x4 C:/ST/STM32CubeIDE_1.19.0/STM32CubeIDE/plugins/com.st.stm32cube.ide.mcu.externaltools.gnu-tools-for-stm32.13.3.rel1.win32_1.0.100.202509120712/tools/bin/../lib/gcc/arm-none-eabi/13.3.1/thumb/v7-m/nofp/crtbegin.o
                0x08008fd4                        PROVIDE (__init_array_end = .)
                0x08008fd4                        . = ALIGN (0x4)

.fini_array     0x08008fd4        0x4
                0x08008fd4                        . = ALIGN (0x4)
                [!provide]                        PROVIDE (__fini_array_start = .)
 *(SORT_BY_NAME(.fini_array.*))
 *(.fini_array*)
 .fini_array    0x08008fd4        0x4 C:/ST/STM32CubeIDE_1.19.0/STM32CubeIDE/plugins/com.st.stm32cube.ide.mcu.externaltools.gnu-tools-for-stm32.13.3.rel1.win32_1.0.100.202509120712/tools/bin/../lib/gcc/arm-none-eabi/13.3.1/thumb/v7-m/nofp/crtbegin.o
                [!provide]                        PROVIDE (__fini_array_end = .)
                0x08008fd8                        . = ALIGN (0x4)
                0x08008fd8                        _sidata = LOADADDR (.data)

.rel.dyn        0x08008fd8        0x0
 .rel.iplt      0x08008fd8        0x0 C:/ST/STM32CubeIDE_1.19.0/STM32CubeIDE/plugins/com.st.stm32cube.ide.mcu.externaltools.gnu-tools-for-stm32.13.3.rel1.win32_1.0.100.202509120712/tools/bin/../lib/gcc/arm-none-eabi/13.3.1/thumb/v7-m/nofp/crtbegin.o

.data           0x20000000       0xb4 load address 0x08008fd8
                0x20000000                        . = ALIGN (0x4)
                0x20000000                        _sdata = .
 *(.data)
 *(.data*)
 .data.rfm22_confs
                0x20000000       0x56 ./Core/Src/GAUL_drivers/RFM22.o
                0x20000000                rfm22_confs
 *fill*         0x20000056        0x2 
 .data.SystemCoreClock
                0x20000058        0x4 ./Core/Src/system_stm32f1xx.o
                0x20000058                SystemCoreClock
 .data.uwTickPrio
                0x2000005c        0x4 ./Drivers/STM32F1xx_HAL_Driver/Src/stm32f1xx_hal.o
                0x2000005c                uwTickPrio
 .data.uwTickFreq
                0x20000060        0x1 ./Drivers/STM32F1xx_HAL_Driver/Src/stm32f1xx_hal.o
                0x20000060                uwTickFreq
 *fill*         0x20000061        0x3 
 .data._impure_ptr
                0x20000064        0x4 C:/ST/STM32CubeIDE_1.19.0/STM32CubeIDE/plugins/com.st.stm32cube.ide.mcu.externaltools.gnu-tools-for-stm32.13.3.rel1.win32_1.0.100.202509120712/tools/bin/../lib/gcc/arm-none-eabi/13.3.1/../../../../arm-none-eabi/lib/thumb/v7-m/nofp\libc_nano.a(libc_a-impure.o)
                0x20000064                _impure_ptr
 .data._impure_data
                0x20000068       0x4c C:/ST/STM32CubeIDE_1.19.0/STM32CubeIDE/plugins/com.st.stm32cube.ide.mcu.externaltools.gnu-tools-for-stm32.13.3.rel1.win32_1.0.100.202509120712/tools/bin/../lib/gcc/arm-none-eabi/13.3.1/../../../../arm-none-eabi/lib/thumb/v7-m/nofp\libc_nano.a(libc_a-impure.o)
                0x20000068                _impure_data
 *(.RamFunc)
 *(.RamFunc*)
                0x200000b4                        . = ALIGN (0x4)
                0x200000b4                        _edata = .

.igot.plt       0x200000b4        0x0 load address 0x0800908c
 .igot.plt      0x200000b4        0x0 C:/ST/STM32CubeIDE_1.19.0/STM32CubeIDE/plugins/com.st.stm32cube.ide.mcu.externaltools.gnu-tools-for-stm32.13.3.rel1.win32_1.0.100.202509120712/tools/bin/../lib/gcc/arm-none-eabi/13.3.1/thumb/v7-m/nofp/crtbegin.o
                0x200000b4                        . = ALIGN (0x4)

.bss            0x200000b4      0x4f0 load address 0x0800908c
                0x200000b4                        _sbss = .
                0x200000b4                        __bss_start__ = _sbss
 *(.bss)
 .bss           0x200000b4       0x1c C:/ST/STM32CubeIDE_1.19.0/STM32CubeIDE/plugins/com.st.stm32cube.ide.mcu.externaltools.gnu-tools-for-stm32.13.3.rel1.win32_1.0.100.202509120712/tools/bin/../lib/gcc/arm-none-eabi/13.3.1/thumb/v7-m/nofp/crtbegin.o
 *(.bss*)
 .bss.count     0x200000d0        0x4 ./Core/Src/GAUL_drivers/I2C_Slave.o
                0x200000d0                count
 .bss.RxData    0x200000d4        0x6 ./Core/Src/GAUL_drivers/I2C_Slave.o
                0x200000d4                RxData
 *fill*         0x200000da        0x2 
 .bss.pin_list  0x200000dc       0x3c ./Core/Src/GAUL_drivers/Pulse_pin.o
 .bss.nb_pins   0x20000118        0x4 ./Core/Src/GAUL_drivers/Pulse_pin.o
 .bss.buzzer_timer
                0x2000011c        0x4 ./Core/Src/GAUL_drivers/buzzer.o
 .bss.buzzer_channel
                0x20000120        0x1 ./Core/Src/GAUL_drivers/buzzer.o
 *fill*         0x20000121        0x3 
 .bss.buzzer_watcher
                0x20000124        0x4 ./Core/Src/GAUL_drivers/buzzer.o
 .bss.watcher_channel
                0x20000128        0x1 ./Core/Src/GAUL_drivers/buzzer.o
 *fill*         0x20000129        0x3 
 .bss.callback_map_list
                0x2000012c       0xc0 ./Core/Src/GAUL_drivers/timer.o
 .bss.nbr_callbacks
                0x200001ec        0x2 ./Core/Src/GAUL_drivers/timer.o
 *fill*         0x200001ee        0x2 
 .bss.hi2c1     0x200001f0       0x54 ./Core/Src/main.o
                0x200001f0                hi2c1
 .bss.hspi1     0x20000244       0x58 ./Core/Src/main.o
                0x20000244                hspi1
 .bss.htim1     0x2000029c       0x48 ./Core/Src/main.o
                0x2000029c                htim1
 .bss.htim2     0x200002e4       0x48 ./Core/Src/main.o
                0x200002e4                htim2
 .bss.htim3     0x2000032c       0x48 ./Core/Src/main.o
                0x2000032c                htim3
 .bss.htim4     0x20000374       0x48 ./Core/Src/main.o
                0x20000374                htim4
 .bss.htim5     0x200003bc       0x48 ./Core/Src/main.o
                0x200003bc                htim5
 .bss.huart4    0x20000404       0x48 ./Core/Src/main.o
                0x20000404                huart4
 .bss.rfm22_interrupt_flag
                0x2000044c        0x1 ./Core/Src/main.o
                0x2000044c                rfm22_interrupt_flag
 .bss.pushbutton_interrupt_flag
                0x2000044d        0x1 ./Core/Src/main.o
                0x2000044d                pushbutton_interrupt_flag
 *fill*         0x2000044e        0x2 
 .bss.pushbutton_pushed
                0x20000450        0x4 ./Core/Src/main.o
                0x20000450                pushbutton_pushed
 .bss.__sbrk_heap_end
                0x20000454        0x4 ./Core/Src/sysmem.o
 .bss.uwTick    0x20000458        0x4 ./Drivers/STM32F1xx_HAL_Driver/Src/stm32f1xx_hal.o
                0x20000458                uwTick
 .bss.__sf      0x2000045c      0x138 C:/ST/STM32CubeIDE_1.19.0/STM32CubeIDE/plugins/com.st.stm32cube.ide.mcu.externaltools.gnu-tools-for-stm32.13.3.rel1.win32_1.0.100.202509120712/tools/bin/../lib/gcc/arm-none-eabi/13.3.1/../../../../arm-none-eabi/lib/thumb/v7-m/nofp\libc_nano.a(libc_a-findfp.o)
                0x2000045c                __sf
 .bss.errno     0x20000594        0x4 C:/ST/STM32CubeIDE_1.19.0/STM32CubeIDE/plugins/com.st.stm32cube.ide.mcu.externaltools.gnu-tools-for-stm32.13.3.rel1.win32_1.0.100.202509120712/tools/bin/../lib/gcc/arm-none-eabi/13.3.1/../../../../arm-none-eabi/lib/thumb/v7-m/nofp\libc_nano.a(libc_a-reent.o)
                0x20000594                errno
 .bss.__lock___malloc_recursive_mutex
                0x20000598        0x1 C:/ST/STM32CubeIDE_1.19.0/STM32CubeIDE/plugins/com.st.stm32cube.ide.mcu.externaltools.gnu-tools-for-stm32.13.3.rel1.win32_1.0.100.202509120712/tools/bin/../lib/gcc/arm-none-eabi/13.3.1/../../../../arm-none-eabi/lib/thumb/v7-m/nofp\libc_nano.a(libc_a-lock.o)
                0x20000598                __lock___malloc_recursive_mutex
 *fill*         0x20000599        0x3 
 .bss.__malloc_sbrk_start
                0x2000059c        0x4 C:/ST/STM32CubeIDE_1.19.0/STM32CubeIDE/plugins/com.st.stm32cube.ide.mcu.externaltools.gnu-tools-for-stm32.13.3.rel1.win32_1.0.100.202509120712/tools/bin/../lib/gcc/arm-none-eabi/13.3.1/../../../../arm-none-eabi/lib/thumb/v7-m/nofp\libc_nano.a(libc_a-mallocr.o)
                0x2000059c                __malloc_sbrk_start
 .bss.__malloc_free_list
                0x200005a0        0x4 C:/ST/STM32CubeIDE_1.19.0/STM32CubeIDE/plugins/com.st.stm32cube.ide.mcu.externaltools.gnu-tools-for-stm32.13.3.rel1.win32_1.0.100.202509120712/tools/bin/../lib/gcc/arm-none-eabi/13.3.1/../../../../arm-none-eabi/lib/thumb/v7-m/nofp\libc_nano.a(libc_a-mallocr.o)
                0x200005a0                __malloc_free_list
 *(COMMON)
                0x200005a4                        . = ALIGN (0x4)
                0x200005a4                        _ebss = .
                0x200005a4                        __bss_end__ = _ebss

._user_heap_stack
                0x200005a4      0x604 load address 0x0800908c
                0x200005a8                        . = ALIGN (0x8)
 *fill*         0x200005a4        0x4 
                [!provide]                        PROVIDE (end = .)
                0x200005a8                        PROVIDE (_end = .)
                0x200007a8                        . = (. + _Min_Heap_Size)
 *fill*         0x200005a8      0x200 
                0x20000ba8                        . = (. + _Min_Stack_Size)
 *fill*         0x200007a8      0x400 
                0x20000ba8                        . = ALIGN (0x8)

/DISCARD/
 libc.a(*)
 libm.a(*)
 libgcc.a(*)

.ARM.attributes
                0x00000000       0x29
 *(.ARM.attributes)
 .ARM.attributes
                0x00000000       0x1d C:/ST/STM32CubeIDE_1.19.0/STM32CubeIDE/plugins/com.st.stm32cube.ide.mcu.externaltools.gnu-tools-for-stm32.13.3.rel1.win32_1.0.100.202509120712/tools/bin/../lib/gcc/arm-none-eabi/13.3.1/thumb/v7-m/nofp/crti.o
 .ARM.attributes
                0x0000001d       0x2d C:/ST/STM32CubeIDE_1.19.0/STM32CubeIDE/plugins/com.st.stm32cube.ide.mcu.externaltools.gnu-tools-for-stm32.13.3.rel1.win32_1.0.100.202509120712/tools/bin/../lib/gcc/arm-none-eabi/13.3.1/thumb/v7-m/nofp/crtbegin.o
 .ARM.attributes
                0x0000004a       0x2d ./Core/Src/GAUL_drivers/I2C_Slave.o
 .ARM.attributes
                0x00000077       0x2d ./Core/Src/GAUL_drivers/Pulse_pin.o
 .ARM.attributes
                0x000000a4       0x2d ./Core/Src/GAUL_drivers/RFM22.o
 .ARM.attributes
                0x000000d1       0x2d ./Core/Src/GAUL_drivers/buzzer.o
 .ARM.attributes
                0x000000fe       0x2d ./Core/Src/GAUL_drivers/i2c_lcd.o
 .ARM.attributes
                0x0000012b       0x2d ./Core/Src/GAUL_drivers/timer.o
 .ARM.attributes
                0x00000158       0x2d ./Core/Src/main.o
 .ARM.attributes
                0x00000185       0x2d ./Core/Src/stm32f1xx_hal_msp.o
 .ARM.attributes
                0x000001b2       0x2d ./Core/Src/stm32f1xx_it.o
 .ARM.attributes
                0x000001df       0x2d ./Core/Src/sysmem.o
 .ARM.attributes
                0x0000020c       0x2d ./Core/Src/system_stm32f1xx.o
 .ARM.attributes
                0x00000239       0x21 ./Core/Startup/startup_stm32f103retx.o
 .ARM.attributes
                0x0000025a       0x2d ./Drivers/STM32F1xx_HAL_Driver/Src/stm32f1xx_hal.o
 .ARM.attributes
                0x00000287       0x2d ./Drivers/STM32F1xx_HAL_Driver/Src/stm32f1xx_hal_cortex.o
 .ARM.attributes
                0x000002b4       0x2d ./Drivers/STM32F1xx_HAL_Driver/Src/stm32f1xx_hal_dma.o
 .ARM.attributes
                0x000002e1       0x2d ./Drivers/STM32F1xx_HAL_Driver/Src/stm32f1xx_hal_gpio.o
 .ARM.attributes
                0x0000030e       0x2d ./Drivers/STM32F1xx_HAL_Driver/Src/stm32f1xx_hal_i2c.o
 .ARM.attributes
                0x0000033b       0x2d ./Drivers/STM32F1xx_HAL_Driver/Src/stm32f1xx_hal_rcc.o
 .ARM.attributes
                0x00000368       0x2d ./Drivers/STM32F1xx_HAL_Driver/Src/stm32f1xx_hal_spi.o
 .ARM.attributes
                0x00000395       0x2d ./Drivers/STM32F1xx_HAL_Driver/Src/stm32f1xx_hal_tim.o
 .ARM.attributes
                0x000003c2       0x2d ./Drivers/STM32F1xx_HAL_Driver/Src/stm32f1xx_hal_tim_ex.o
 .ARM.attributes
                0x000003ef       0x2d ./Drivers/STM32F1xx_HAL_Driver/Src/stm32f1xx_hal_uart.o
 .ARM.attributes
                0x0000041c       0x2d C:/ST/STM32CubeIDE_1.19.0/STM32CubeIDE/plugins/com.st.stm32cube.ide.mcu.externaltools.gnu-tools-for-stm32.13.3.rel1.win32_1.0.100.202509120712/tools/bin/../lib/gcc/arm-none-eabi/13.3.1/../../../../arm-none-eabi/lib/thumb/v7-m/nofp\libc_nano.a(libc_a-findfp.o)
 .ARM.attributes
                0x00000449       0x2d C:/ST/STM32CubeIDE_1.19.0/STM32CubeIDE/plugins/com.st.stm32cube.ide.mcu.externaltools.gnu-tools-for-stm32.13.3.rel1.win32_1.0.100.202509120712/tools/bin/../lib/gcc/arm-none-eabi/13.3.1/../../../../arm-none-eabi/lib/thumb/v7-m/nofp\libc_nano.a(libc_a-snprintf.o)
 .ARM.attributes
                0x00000476       0x2d C:/ST/STM32CubeIDE_1.19.0/STM32CubeIDE/plugins/com.st.stm32cube.ide.mcu.externaltools.gnu-tools-for-stm32.13.3.rel1.win32_1.0.100.202509120712/tools/bin/../lib/gcc/arm-none-eabi/13.3.1/../../../../arm-none-eabi/lib/thumb/v7-m/nofp\libc_nano.a(libc_a-memset.o)
 .ARM.attributes
                0x000004a3       0x2d C:/ST/STM32CubeIDE_1.19.0/STM32CubeIDE/plugins/com.st.stm32cube.ide.mcu.externaltools.gnu-tools-for-stm32.13.3.rel1.win32_1.0.100.202509120712/tools/bin/../lib/gcc/arm-none-eabi/13.3.1/../../../../arm-none-eabi/lib/thumb/v7-m/nofp\libc_nano.a(libc_a-reent.o)
 .ARM.attributes
                0x000004d0       0x2d C:/ST/STM32CubeIDE_1.19.0/STM32CubeIDE/plugins/com.st.stm32cube.ide.mcu.externaltools.gnu-tools-for-stm32.13.3.rel1.win32_1.0.100.202509120712/tools/bin/../lib/gcc/arm-none-eabi/13.3.1/../../../../arm-none-eabi/lib/thumb/v7-m/nofp\libc_nano.a(libc_a-impure.o)
 .ARM.attributes
                0x000004fd       0x2d C:/ST/STM32CubeIDE_1.19.0/STM32CubeIDE/plugins/com.st.stm32cube.ide.mcu.externaltools.gnu-tools-for-stm32.13.3.rel1.win32_1.0.100.202509120712/tools/bin/../lib/gcc/arm-none-eabi/13.3.1/../../../../arm-none-eabi/lib/thumb/v7-m/nofp\libc_nano.a(libc_a-errno.o)
 .ARM.attributes
                0x0000052a       0x2d C:/ST/STM32CubeIDE_1.19.0/STM32CubeIDE/plugins/com.st.stm32cube.ide.mcu.externaltools.gnu-tools-for-stm32.13.3.rel1.win32_1.0.100.202509120712/tools/bin/../lib/gcc/arm-none-eabi/13.3.1/../../../../arm-none-eabi/lib/thumb/v7-m/nofp\libc_nano.a(libc_a-init.o)
 .ARM.attributes
                0x00000557       0x2d C:/ST/STM32CubeIDE_1.19.0/STM32CubeIDE/plugins/com.st.stm32cube.ide.mcu.externaltools.gnu-tools-for-stm32.13.3.rel1.win32_1.0.100.202509120712/tools/bin/../lib/gcc/arm-none-eabi/13.3.1/../../../../arm-none-eabi/lib/thumb/v7-m/nofp\libc_nano.a(libc_a-lock.o)
 .ARM.attributes
                0x00000584       0x2d C:/ST/STM32CubeIDE_1.19.0/STM32CubeIDE/plugins/com.st.stm32cube.ide.mcu.externaltools.gnu-tools-for-stm32.13.3.rel1.win32_1.0.100.202509120712/tools/bin/../lib/gcc/arm-none-eabi/13.3.1/../../../../arm-none-eabi/lib/thumb/v7-m/nofp\libc_nano.a(libc_a-memcpy-stub.o)
 .ARM.attributes
                0x000005b1       0x2d C:/ST/STM32CubeIDE_1.19.0/STM32CubeIDE/plugins/com.st.stm32cube.ide.mcu.externaltools.gnu-tools-for-stm32.13.3.rel1.win32_1.0.100.202509120712/tools/bin/../lib/gcc/arm-none-eabi/13.3.1/../../../../arm-none-eabi/lib/thumb/v7-m/nofp\libc_nano.a(libc_a-freer.o)
 .ARM.attributes
                0x000005de       0x2d C:/ST/STM32CubeIDE_1.19.0/STM32CubeIDE/plugins/com.st.stm32cube.ide.mcu.externaltools.gnu-tools-for-stm32.13.3.rel1.win32_1.0.100.202509120712/tools/bin/../lib/gcc/arm-none-eabi/13.3.1/../../../../arm-none-eabi/lib/thumb/v7-m/nofp\libc_nano.a(libc_a-mallocr.o)
 .ARM.attributes
                0x0000060b       0x2d C:/ST/STM32CubeIDE_1.19.0/STM32CubeIDE/plugins/com.st.stm32cube.ide.mcu.externaltools.gnu-tools-for-stm32.13.3.rel1.win32_1.0.100.202509120712/tools/bin/../lib/gcc/arm-none-eabi/13.3.1/../../../../arm-none-eabi/lib/thumb/v7-m/nofp\libc_nano.a(libc_a-mlock.o)
 .ARM.attributes
                0x00000638       0x2d C:/ST/STM32CubeIDE_1.19.0/STM32CubeIDE/plugins/com.st.stm32cube.ide.mcu.externaltools.gnu-tools-for-stm32.13.3.rel1.win32_1.0.100.202509120712/tools/bin/../lib/gcc/arm-none-eabi/13.3.1/../../../../arm-none-eabi/lib/thumb/v7-m/nofp\libc_nano.a(libc_a-nano-svfprintf.o)
 .ARM.attributes
                0x00000665       0x2d C:/ST/STM32CubeIDE_1.19.0/STM32CubeIDE/plugins/com.st.stm32cube.ide.mcu.externaltools.gnu-tools-for-stm32.13.3.rel1.win32_1.0.100.202509120712/tools/bin/../lib/gcc/arm-none-eabi/13.3.1/../../../../arm-none-eabi/lib/thumb/v7-m/nofp\libc_nano.a(libc_a-nano-vfprintf_i.o)
 .ARM.attributes
                0x00000692       0x2d C:/ST/STM32CubeIDE_1.19.0/STM32CubeIDE/plugins/com.st.stm32cube.ide.mcu.externaltools.gnu-tools-for-stm32.13.3.rel1.win32_1.0.100.202509120712/tools/bin/../lib/gcc/arm-none-eabi/13.3.1/../../../../arm-none-eabi/lib/thumb/v7-m/nofp\libc_nano.a(libc_a-memmove.o)
 .ARM.attributes
                0x000006bf       0x2d C:/ST/STM32CubeIDE_1.19.0/STM32CubeIDE/plugins/com.st.stm32cube.ide.mcu.externaltools.gnu-tools-for-stm32.13.3.rel1.win32_1.0.100.202509120712/tools/bin/../lib/gcc/arm-none-eabi/13.3.1/../../../../arm-none-eabi/lib/thumb/v7-m/nofp\libc_nano.a(libc_a-sbrkr.o)
 .ARM.attributes
                0x000006ec       0x2d C:/ST/STM32CubeIDE_1.19.0/STM32CubeIDE/plugins/com.st.stm32cube.ide.mcu.externaltools.gnu-tools-for-stm32.13.3.rel1.win32_1.0.100.202509120712/tools/bin/../lib/gcc/arm-none-eabi/13.3.1/../../../../arm-none-eabi/lib/thumb/v7-m/nofp\libc_nano.a(libc_a-memchr-stub.o)
 .ARM.attributes
                0x00000719       0x2d C:/ST/STM32CubeIDE_1.19.0/STM32CubeIDE/plugins/com.st.stm32cube.ide.mcu.externaltools.gnu-tools-for-stm32.13.3.rel1.win32_1.0.100.202509120712/tools/bin/../lib/gcc/arm-none-eabi/13.3.1/../../../../arm-none-eabi/lib/thumb/v7-m/nofp\libc_nano.a(libc_a-reallocr.o)
 .ARM.attributes
                0x00000746       0x2d C:/ST/STM32CubeIDE_1.19.0/STM32CubeIDE/plugins/com.st.stm32cube.ide.mcu.externaltools.gnu-tools-for-stm32.13.3.rel1.win32_1.0.100.202509120712/tools/bin/../lib/gcc/arm-none-eabi/13.3.1/../../../../arm-none-eabi/lib/thumb/v7-m/nofp\libc_nano.a(libc_a-msizer.o)
 .ARM.attributes
                0x00000773       0x1d C:/ST/STM32CubeIDE_1.19.0/STM32CubeIDE/plugins/com.st.stm32cube.ide.mcu.externaltools.gnu-tools-for-stm32.13.3.rel1.win32_1.0.100.202509120712/tools/bin/../lib/gcc/arm-none-eabi/13.3.1/thumb/v7-m/nofp\libgcc.a(_arm_addsubdf3.o)
 .ARM.attributes
                0x00000790       0x1d C:/ST/STM32CubeIDE_1.19.0/STM32CubeIDE/plugins/com.st.stm32cube.ide.mcu.externaltools.gnu-tools-for-stm32.13.3.rel1.win32_1.0.100.202509120712/tools/bin/../lib/gcc/arm-none-eabi/13.3.1/thumb/v7-m/nofp\libgcc.a(_arm_muldivdf3.o)
 .ARM.attributes
                0x000007ad       0x1d C:/ST/STM32CubeIDE_1.19.0/STM32CubeIDE/plugins/com.st.stm32cube.ide.mcu.externaltools.gnu-tools-for-stm32.13.3.rel1.win32_1.0.100.202509120712/tools/bin/../lib/gcc/arm-none-eabi/13.3.1/thumb/v7-m/nofp\libgcc.a(_arm_fixunsdfsi.o)
 .ARM.attributes
                0x000007ca       0x1d C:/ST/STM32CubeIDE_1.19.0/STM32CubeIDE/plugins/com.st.stm32cube.ide.mcu.externaltools.gnu-tools-for-stm32.13.3.rel1.win32_1.0.100.202509120712/tools/bin/../lib/gcc/arm-none-eabi/13.3.1/thumb/v7-m/nofp\libgcc.a(_arm_truncdfsf2.o)
 .ARM.attributes
                0x000007e7       0x1d C:/ST/STM32CubeIDE_1.19.0/STM32CubeIDE/plugins/com.st.stm32cube.ide.mcu.externaltools.gnu-tools-for-stm32.13.3.rel1.win32_1.0.100.202509120712/tools/bin/../lib/gcc/arm-none-eabi/13.3.1/thumb/v7-m/nofp\libgcc.a(_arm_addsubsf3.o)
 .ARM.attributes
                0x00000804       0x1d C:/ST/STM32CubeIDE_1.19.0/STM32CubeIDE/plugins/com.st.stm32cube.ide.mcu.externaltools.gnu-tools-for-stm32.13.3.rel1.win32_1.0.100.202509120712/tools/bin/../lib/gcc/arm-none-eabi/13.3.1/thumb/v7-m/nofp\libgcc.a(_arm_muldivsf3.o)
 .ARM.attributes
                0x00000821       0x1d C:/ST/STM32CubeIDE_1.19.0/STM32CubeIDE/plugins/com.st.stm32cube.ide.mcu.externaltools.gnu-tools-for-stm32.13.3.rel1.win32_1.0.100.202509120712/tools/bin/../lib/gcc/arm-none-eabi/13.3.1/thumb/v7-m/nofp\libgcc.a(_arm_cmpsf2.o)
 .ARM.attributes
                0x0000083e       0x1d C:/ST/STM32CubeIDE_1.19.0/STM32CubeIDE/plugins/com.st.stm32cube.ide.mcu.externaltools.gnu-tools-for-stm32.13.3.rel1.win32_1.0.100.202509120712/tools/bin/../lib/gcc/arm-none-eabi/13.3.1/thumb/v7-m/nofp\libgcc.a(_arm_fixsfsi.o)
 .ARM.attributes
                0x0000085b       0x1d C:/ST/STM32CubeIDE_1.19.0/STM32CubeIDE/plugins/com.st.stm32cube.ide.mcu.externaltools.gnu-tools-for-stm32.13.3.rel1.win32_1.0.100.202509120712/tools/bin/../lib/gcc/arm-none-eabi/13.3.1/thumb/v7-m/nofp\libgcc.a(_arm_fixunssfsi.o)
 .ARM.attributes
                0x00000878       0x1d C:/ST/STM32CubeIDE_1.19.0/STM32CubeIDE/plugins/com.st.stm32cube.ide.mcu.externaltools.gnu-tools-for-stm32.13.3.rel1.win32_1.0.100.202509120712/tools/bin/../lib/gcc/arm-none-eabi/13.3.1/thumb/v7-m/nofp/crtn.o
OUTPUT(RFReceiverFirmwareSlave.elf elf32-littlearm)
LOAD linker stubs
LOAD C:/ST/STM32CubeIDE_1.19.0/STM32CubeIDE/plugins/com.st.stm32cube.ide.mcu.externaltools.gnu-tools-for-stm32.13.3.rel1.win32_1.0.100.202509120712/tools/bin/../lib/gcc/arm-none-eabi/13.3.1/../../../../arm-none-eabi/lib/thumb/v7-m/nofp\libc.a
LOAD C:/ST/STM32CubeIDE_1.19.0/STM32CubeIDE/plugins/com.st.stm32cube.ide.mcu.externaltools.gnu-tools-for-stm32.13.3.rel1.win32_1.0.100.202509120712/tools/bin/../lib/gcc/arm-none-eabi/13.3.1/../../../../arm-none-eabi/lib/thumb/v7-m/nofp\libm.a
LOAD C:/ST/STM32CubeIDE_1.19.0/STM32CubeIDE/plugins/com.st.stm32cube.ide.mcu.externaltools.gnu-tools-for-stm32.13.3.rel1.win32_1.0.100.202509120712/tools/bin/../lib/gcc/arm-none-eabi/13.3.1/thumb/v7-m/nofp\libgcc.a

.debug_info     0x00000000    0x143b2
 .debug_info    0x00000000      0x6cb ./Core/Src/GAUL_drivers/I2C_Slave.o
 .debug_info    0x000006cb      0x8e7 ./Core/Src/GAUL_drivers/Pulse_pin.o
 .debug_info    0x00000fb2      0xd30 ./Core/Src/GAUL_drivers/RFM22.o
 .debug_info    0x00001ce2      0x877 ./Core/Src/GAUL_drivers/buzzer.o
 .debug_info    0x00002559      0x7ee ./Core/Src/GAUL_drivers/i2c_lcd.o
 .debug_info    0x00002d47      0x755 ./Core/Src/GAUL_drivers/timer.o
 .debug_info    0x0000349c     0x1fbc ./Core/Src/main.o
 .debug_info    0x00005458     0x147a ./Core/Src/stm32f1xx_hal_msp.o
 .debug_info    0x000068d2      0xa3f ./Core/Src/stm32f1xx_it.o
 .debug_info    0x00007311      0x168 ./Core/Src/sysmem.o
 .debug_info    0x00007479      0x222 ./Core/Src/system_stm32f1xx.o
 .debug_info    0x0000769b       0x30 ./Core/Startup/startup_stm32f103retx.o
 .debug_info    0x000076cb      0x76a ./Drivers/STM32F1xx_HAL_Driver/Src/stm32f1xx_hal.o
 .debug_info    0x00007e35      0xaed ./Drivers/STM32F1xx_HAL_Driver/Src/stm32f1xx_hal_cortex.o
 .debug_info    0x00008922      0x6d2 ./Drivers/STM32F1xx_HAL_Driver/Src/stm32f1xx_hal_dma.o
 .debug_info    0x00008ff4      0x5ab ./Drivers/STM32F1xx_HAL_Driver/Src/stm32f1xx_hal_gpio.o
 .debug_info    0x0000959f     0x2524 ./Drivers/STM32F1xx_HAL_Driver/Src/stm32f1xx_hal_i2c.o
 .debug_info    0x0000bac3      0x7d5 ./Drivers/STM32F1xx_HAL_Driver/Src/stm32f1xx_hal_rcc.o
 .debug_info    0x0000c298     0x1439 ./Drivers/STM32F1xx_HAL_Driver/Src/stm32f1xx_hal_spi.o
 .debug_info    0x0000d6d1     0x2959 ./Drivers/STM32F1xx_HAL_Driver/Src/stm32f1xx_hal_tim.o
 .debug_info    0x0001002a     0x149b ./Drivers/STM32F1xx_HAL_Driver/Src/stm32f1xx_hal_tim_ex.o
 .debug_info    0x000114c5     0x2eed ./Drivers/STM32F1xx_HAL_Driver/Src/stm32f1xx_hal_uart.o

.debug_abbrev   0x00000000     0x2d79
 .debug_abbrev  0x00000000      0x1d0 ./Core/Src/GAUL_drivers/I2C_Slave.o
 .debug_abbrev  0x000001d0      0x21c ./Core/Src/GAUL_drivers/Pulse_pin.o
 .debug_abbrev  0x000003ec      0x2b0 ./Core/Src/GAUL_drivers/RFM22.o
 .debug_abbrev  0x0000069c      0x1c8 ./Core/Src/GAUL_drivers/buzzer.o
 .debug_abbrev  0x00000864      0x1bf ./Core/Src/GAUL_drivers/i2c_lcd.o
 .debug_abbrev  0x00000a23      0x196 ./Core/Src/GAUL_drivers/timer.o
 .debug_abbrev  0x00000bb9      0x32f ./Core/Src/main.o
 .debug_abbrev  0x00000ee8      0x21f ./Core/Src/stm32f1xx_hal_msp.o
 .debug_abbrev  0x00001107      0x1c4 ./Core/Src/stm32f1xx_it.o
 .debug_abbrev  0x000012cb       0xbc ./Core/Src/sysmem.o
 .debug_abbrev  0x00001387      0x13f ./Core/Src/system_stm32f1xx.o
 .debug_abbrev  0x000014c6       0x24 ./Core/Startup/startup_stm32f103retx.o
 .debug_abbrev  0x000014ea      0x201 ./Drivers/STM32F1xx_HAL_Driver/Src/stm32f1xx_hal.o
 .debug_abbrev  0x000016eb      0x2f8 ./Drivers/STM32F1xx_HAL_Driver/Src/stm32f1xx_hal_cortex.o
 .debug_abbrev  0x000019e3      0x20b ./Drivers/STM32F1xx_HAL_Driver/Src/stm32f1xx_hal_dma.o
 .debug_abbrev  0x00001bee      0x1ca ./Drivers/STM32F1xx_HAL_Driver/Src/stm32f1xx_hal_gpio.o
 .debug_abbrev  0x00001db8      0x2a3 ./Drivers/STM32F1xx_HAL_Driver/Src/stm32f1xx_hal_i2c.o
 .debug_abbrev  0x0000205b      0x2b3 ./Drivers/STM32F1xx_HAL_Driver/Src/stm32f1xx_hal_rcc.o
 .debug_abbrev  0x0000230e      0x27a ./Drivers/STM32F1xx_HAL_Driver/Src/stm32f1xx_hal_spi.o
 .debug_abbrev  0x00002588      0x277 ./Drivers/STM32F1xx_HAL_Driver/Src/stm32f1xx_hal_tim.o
 .debug_abbrev  0x000027ff      0x282 ./Drivers/STM32F1xx_HAL_Driver/Src/stm32f1xx_hal_tim_ex.o
 .debug_abbrev  0x00002a81      0x2f8 ./Drivers/STM32F1xx_HAL_Driver/Src/stm32f1xx_hal_uart.o

.debug_aranges  0x00000000     0x12b8
 .debug_aranges
                0x00000000       0x38 ./Core/Src/GAUL_drivers/I2C_Slave.o
 .debug_aranges
                0x00000038       0x38 ./Core/Src/GAUL_drivers/Pulse_pin.o
 .debug_aranges
                0x00000070       0x88 ./Core/Src/GAUL_drivers/RFM22.o
 .debug_aranges
                0x000000f8       0x30 ./Core/Src/GAUL_drivers/buzzer.o
 .debug_aranges
                0x00000128       0x50 ./Core/Src/GAUL_drivers/i2c_lcd.o
 .debug_aranges
                0x00000178       0x30 ./Core/Src/GAUL_drivers/timer.o
 .debug_aranges
                0x000001a8       0x98 ./Core/Src/main.o
 .debug_aranges
                0x00000240       0x68 ./Core/Src/stm32f1xx_hal_msp.o
 .debug_aranges
                0x000002a8       0xa0 ./Core/Src/stm32f1xx_it.o
 .debug_aranges
                0x00000348       0x20 ./Core/Src/sysmem.o
 .debug_aranges
                0x00000368       0x28 ./Core/Src/system_stm32f1xx.o
 .debug_aranges
                0x00000390       0x28 ./Core/Startup/startup_stm32f103retx.o
 .debug_aranges
                0x000003b8       0xe0 ./Drivers/STM32F1xx_HAL_Driver/Src/stm32f1xx_hal.o
 .debug_aranges
                0x00000498      0x100 ./Drivers/STM32F1xx_HAL_Driver/Src/stm32f1xx_hal_cortex.o
 .debug_aranges
                0x00000598       0x80 ./Drivers/STM32F1xx_HAL_Driver/Src/stm32f1xx_hal_dma.o
 .debug_aranges
                0x00000618       0x58 ./Drivers/STM32F1xx_HAL_Driver/Src/stm32f1xx_hal_gpio.o
 .debug_aranges
                0x00000670      0x2a8 ./Drivers/STM32F1xx_HAL_Driver/Src/stm32f1xx_hal_i2c.o
 .debug_aranges
                0x00000918       0x90 ./Drivers/STM32F1xx_HAL_Driver/Src/stm32f1xx_hal_rcc.o
 .debug_aranges
                0x000009a8      0x1d0 ./Drivers/STM32F1xx_HAL_Driver/Src/stm32f1xx_hal_spi.o
 .debug_aranges
                0x00000b78      0x3d0 ./Drivers/STM32F1xx_HAL_Driver/Src/stm32f1xx_hal_tim.o
 .debug_aranges
                0x00000f48      0x168 ./Drivers/STM32F1xx_HAL_Driver/Src/stm32f1xx_hal_tim_ex.o
 .debug_aranges
                0x000010b0      0x208 ./Drivers/STM32F1xx_HAL_Driver/Src/stm32f1xx_hal_uart.o

.debug_rnglists
                0x00000000      0xeb8
 .debug_rnglists
                0x00000000       0x25 ./Core/Src/GAUL_drivers/I2C_Slave.o
 .debug_rnglists
                0x00000025       0x26 ./Core/Src/GAUL_drivers/Pulse_pin.o
 .debug_rnglists
                0x0000004b       0x64 ./Core/Src/GAUL_drivers/RFM22.o
 .debug_rnglists
                0x000000af       0x21 ./Core/Src/GAUL_drivers/buzzer.o
 .debug_rnglists
                0x000000d0       0x38 ./Core/Src/GAUL_drivers/i2c_lcd.o
 .debug_rnglists
                0x00000108       0x1f ./Core/Src/GAUL_drivers/timer.o
 .debug_rnglists
                0x00000127       0x78 ./Core/Src/main.o
 .debug_rnglists
                0x0000019f       0x4e ./Core/Src/stm32f1xx_hal_msp.o
 .debug_rnglists
                0x000001ed       0x73 ./Core/Src/stm32f1xx_it.o
 .debug_rnglists
                0x00000260       0x13 ./Core/Src/sysmem.o
 .debug_rnglists
                0x00000273       0x1a ./Core/Src/system_stm32f1xx.o
 .debug_rnglists
                0x0000028d       0x19 ./Core/Startup/startup_stm32f103retx.o
 .debug_rnglists
                0x000002a6       0xa3 ./Drivers/STM32F1xx_HAL_Driver/Src/stm32f1xx_hal.o
 .debug_rnglists
                0x00000349       0xbb ./Drivers/STM32F1xx_HAL_Driver/Src/stm32f1xx_hal_cortex.o
 .debug_rnglists
                0x00000404       0x64 ./Drivers/STM32F1xx_HAL_Driver/Src/stm32f1xx_hal_dma.o
 .debug_rnglists
                0x00000468       0x3f ./Drivers/STM32F1xx_HAL_Driver/Src/stm32f1xx_hal_gpio.o
 .debug_rnglists
                0x000004a7      0x23c ./Drivers/STM32F1xx_HAL_Driver/Src/stm32f1xx_hal_i2c.o
 .debug_rnglists
                0x000006e3       0x6c ./Drivers/STM32F1xx_HAL_Driver/Src/stm32f1xx_hal_rcc.o
 .debug_rnglists
                0x0000074f      0x16e ./Drivers/STM32F1xx_HAL_Driver/Src/stm32f1xx_hal_spi.o
 .debug_rnglists
                0x000008bd      0x31a ./Drivers/STM32F1xx_HAL_Driver/Src/stm32f1xx_hal_tim.o
 .debug_rnglists
                0x00000bd7      0x125 ./Drivers/STM32F1xx_HAL_Driver/Src/stm32f1xx_hal_tim_ex.o
 .debug_rnglists
                0x00000cfc      0x1bc ./Drivers/STM32F1xx_HAL_Driver/Src/stm32f1xx_hal_uart.o

.debug_macro    0x00000000    0x1bb9b
 .debug_macro   0x00000000      0x2d8 ./Core/Src/GAUL_drivers/I2C_Slave.o
 .debug_macro   0x000002d8      0xacc ./Core/Src/GAUL_drivers/I2C_Slave.o
 .debug_macro   0x00000da4      0x227 ./Core/Src/GAUL_drivers/I2C_Slave.o
 .debug_macro   0x00000fcb       0x2e ./Core/Src/GAUL_drivers/I2C_Slave.o
 .debug_macro   0x00000ff9       0x22 ./Core/Src/GAUL_drivers/I2C_Slave.o
 .debug_macro   0x0000101b       0x22 ./Core/Src/GAUL_drivers/I2C_Slave.o
 .debug_macro   0x0000103d       0x8e ./Core/Src/GAUL_drivers/I2C_Slave.o
 .debug_macro   0x000010cb       0x51 ./Core/Src/GAUL_drivers/I2C_Slave.o
 .debug_macro   0x0000111c      0x103 ./Core/Src/GAUL_drivers/I2C_Slave.o
 .debug_macro   0x0000121f       0x6a ./Core/Src/GAUL_drivers/I2C_Slave.o
 .debug_macro   0x00001289      0x1df ./Core/Src/GAUL_drivers/I2C_Slave.o
 .debug_macro   0x00001468       0x1c ./Core/Src/GAUL_drivers/I2C_Slave.o
 .debug_macro   0x00001484       0x22 ./Core/Src/GAUL_drivers/I2C_Slave.o
 .debug_macro   0x000014a6       0xbd ./Core/Src/GAUL_drivers/I2C_Slave.o
 .debug_macro   0x00001563      0xd23 ./Core/Src/GAUL_drivers/I2C_Slave.o
 .debug_macro   0x00002286     0xfd8c ./Core/Src/GAUL_drivers/I2C_Slave.o
 .debug_macro   0x00012012       0x6d ./Core/Src/GAUL_drivers/I2C_Slave.o
 .debug_macro   0x0001207f     0x34a2 ./Core/Src/GAUL_drivers/I2C_Slave.o
 .debug_macro   0x00015521      0x190 ./Core/Src/GAUL_drivers/I2C_Slave.o
 .debug_macro   0x000156b1       0x5c ./Core/Src/GAUL_drivers/I2C_Slave.o
 .debug_macro   0x0001570d      0x5bc ./Core/Src/GAUL_drivers/I2C_Slave.o
 .debug_macro   0x00015cc9      0x4d5 ./Core/Src/GAUL_drivers/I2C_Slave.o
 .debug_macro   0x0001619e      0x1cb ./Core/Src/GAUL_drivers/I2C_Slave.o
 .debug_macro   0x00016369      0x114 ./Core/Src/GAUL_drivers/I2C_Slave.o
 .debug_macro   0x0001647d      0x1ea ./Core/Src/GAUL_drivers/I2C_Slave.o
 .debug_macro   0x00016667       0x27 ./Core/Src/GAUL_drivers/I2C_Slave.o
 .debug_macro   0x0001668e      0x144 ./Core/Src/GAUL_drivers/I2C_Slave.o
 .debug_macro   0x000167d2      0x1bc ./Core/Src/GAUL_drivers/I2C_Slave.o
 .debug_macro   0x0001698e       0x30 ./Core/Src/GAUL_drivers/I2C_Slave.o
 .debug_macro   0x000169be       0x3c ./Core/Src/GAUL_drivers/I2C_Slave.o
 .debug_macro   0x000169fa       0x57 ./Core/Src/GAUL_drivers/I2C_Slave.o
 .debug_macro   0x00016a51       0x87 ./Core/Src/GAUL_drivers/I2C_Slave.o
 .debug_macro   0x00016ad8      0x24f ./Core/Src/GAUL_drivers/I2C_Slave.o
 .debug_macro   0x00016d27      0x287 ./Core/Src/GAUL_drivers/I2C_Slave.o
 .debug_macro   0x00016fae      0x140 ./Core/Src/GAUL_drivers/I2C_Slave.o
 .debug_macro   0x000170ee      0x217 ./Core/Src/GAUL_drivers/I2C_Slave.o
 .debug_macro   0x00017305      0x8ed ./Core/Src/GAUL_drivers/I2C_Slave.o
 .debug_macro   0x00017bf2      0x28e ./Core/Src/GAUL_drivers/I2C_Slave.o
 .debug_macro   0x00017e80       0xb5 ./Core/Src/GAUL_drivers/I2C_Slave.o
 .debug_macro   0x00017f35       0xf4 ./Core/Src/GAUL_drivers/I2C_Slave.o
 .debug_macro   0x00018029       0x61 ./Core/Src/GAUL_drivers/I2C_Slave.o
 .debug_macro   0x0001808a       0x24 ./Core/Src/GAUL_drivers/I2C_Slave.o
 .debug_macro   0x000180ae       0x43 ./Core/Src/GAUL_drivers/I2C_Slave.o
 .debug_macro   0x000180f1       0x34 ./Core/Src/GAUL_drivers/I2C_Slave.o
 .debug_macro   0x00018125       0x16 ./Core/Src/GAUL_drivers/I2C_Slave.o
 .debug_macro   0x0001813b       0x3c ./Core/Src/GAUL_drivers/I2C_Slave.o
 .debug_macro   0x00018177      0x370 ./Core/Src/GAUL_drivers/I2C_Slave.o
 .debug_macro   0x000184e7       0x10 ./Core/Src/GAUL_drivers/I2C_Slave.o
 .debug_macro   0x000184f7       0x16 ./Core/Src/GAUL_drivers/I2C_Slave.o
 .debug_macro   0x0001850d       0x4a ./Core/Src/GAUL_drivers/I2C_Slave.o
 .debug_macro   0x00018557       0x34 ./Core/Src/GAUL_drivers/I2C_Slave.o
 .debug_macro   0x0001858b       0x10 ./Core/Src/GAUL_drivers/I2C_Slave.o
 .debug_macro   0x0001859b       0x58 ./Core/Src/GAUL_drivers/I2C_Slave.o
 .debug_macro   0x000185f3       0x8e ./Core/Src/GAUL_drivers/I2C_Slave.o
 .debug_macro   0x00018681       0x1c ./Core/Src/GAUL_drivers/I2C_Slave.o
 .debug_macro   0x0001869d      0x185 ./Core/Src/GAUL_drivers/I2C_Slave.o
 .debug_macro   0x00018822       0x16 ./Core/Src/GAUL_drivers/I2C_Slave.o
 .debug_macro   0x00018838       0x16 ./Core/Src/GAUL_drivers/I2C_Slave.o
 .debug_macro   0x0001884e      0x146 ./Core/Src/GAUL_drivers/I2C_Slave.o
 .debug_macro   0x00018994       0x16 ./Core/Src/GAUL_drivers/I2C_Slave.o
 .debug_macro   0x000189aa       0x20 ./Core/Src/GAUL_drivers/I2C_Slave.o
 .debug_macro   0x000189ca      0x1d0 ./Core/Src/GAUL_drivers/Pulse_pin.o
 .debug_macro   0x00018b9a       0x16 ./Core/Src/GAUL_drivers/Pulse_pin.o
 .debug_macro   0x00018bb0      0x271 ./Core/Src/GAUL_drivers/RFM22.o
 .debug_macro   0x00018e21      0x7c6 ./Core/Src/GAUL_drivers/RFM22.o
 .debug_macro   0x000195e7      0x19b ./Core/Src/GAUL_drivers/RFM22.o
 .debug_macro   0x00019782      0x1ca ./Core/Src/GAUL_drivers/buzzer.o
 .debug_macro   0x0001994c      0x1c1 ./Core/Src/GAUL_drivers/i2c_lcd.o
 .debug_macro   0x00019b0d      0x1c6 ./Core/Src/GAUL_drivers/timer.o
 .debug_macro   0x00019cd3       0x10 ./Core/Src/GAUL_drivers/timer.o
 .debug_macro   0x00019ce3      0x304 ./Core/Src/main.o
 .debug_macro   0x00019fe7       0xfa ./Core/Src/main.o
 .debug_macro   0x0001a0e1      0x1c6 ./Core/Src/stm32f1xx_hal_msp.o
 .debug_macro   0x0001a2a7      0x1d0 ./Core/Src/stm32f1xx_it.o
 .debug_macro   0x0001a477      0x112 ./Core/Src/sysmem.o
 .debug_macro   0x0001a589      0x23c ./Core/Src/sysmem.o
 .debug_macro   0x0001a7c5      0x1b7 ./Core/Src/system_stm32f1xx.o
 .debug_macro   0x0001a97c      0x1db ./Drivers/STM32F1xx_HAL_Driver/Src/stm32f1xx_hal.o
 .debug_macro   0x0001ab57      0x1b7 ./Drivers/STM32F1xx_HAL_Driver/Src/stm32f1xx_hal_cortex.o
 .debug_macro   0x0001ad0e      0x1b7 ./Drivers/STM32F1xx_HAL_Driver/Src/stm32f1xx_hal_dma.o
 .debug_macro   0x0001aec5      0x222 ./Drivers/STM32F1xx_HAL_Driver/Src/stm32f1xx_hal_gpio.o
 .debug_macro   0x0001b0e7      0x205 ./Drivers/STM32F1xx_HAL_Driver/Src/stm32f1xx_hal_i2c.o
 .debug_macro   0x0001b2ec      0x1c9 ./Drivers/STM32F1xx_HAL_Driver/Src/stm32f1xx_hal_rcc.o
 .debug_macro   0x0001b4b5      0x1bf ./Drivers/STM32F1xx_HAL_Driver/Src/stm32f1xx_hal_spi.o
 .debug_macro   0x0001b674      0x1b8 ./Drivers/STM32F1xx_HAL_Driver/Src/stm32f1xx_hal_tim.o
 .debug_macro   0x0001b82c      0x1b7 ./Drivers/STM32F1xx_HAL_Driver/Src/stm32f1xx_hal_tim_ex.o
 .debug_macro   0x0001b9e3      0x1b8 ./Drivers/STM32F1xx_HAL_Driver/Src/stm32f1xx_hal_uart.o

.debug_line     0x00000000    0x17298
 .debug_line    0x00000000      0x931 ./Core/Src/GAUL_drivers/I2C_Slave.o
 .debug_line    0x00000931      0x807 ./Core/Src/GAUL_drivers/Pulse_pin.o
 .debug_line    0x00001138      0xb25 ./Core/Src/GAUL_drivers/RFM22.o
 .debug_line    0x00001c5d      0x823 ./Core/Src/GAUL_drivers/buzzer.o
 .debug_line    0x00002480      0x865 ./Core/Src/GAUL_drivers/i2c_lcd.o
 .debug_line    0x00002ce5      0x7d2 ./Core/Src/GAUL_drivers/timer.o
 .debug_line    0x000034b7      0xf90 ./Core/Src/main.o
 .debug_line    0x00004447      0x919 ./Core/Src/stm32f1xx_hal_msp.o
 .debug_line    0x00004d60      0x8a4 ./Core/Src/stm32f1xx_it.o
 .debug_line    0x00005604      0x592 ./Core/Src/sysmem.o
 .debug_line    0x00005b96      0x7b1 ./Core/Src/system_stm32f1xx.o
 .debug_line    0x00006347       0x79 ./Core/Startup/startup_stm32f103retx.o
 .debug_line    0x000063c0      0x9e2 ./Drivers/STM32F1xx_HAL_Driver/Src/stm32f1xx_hal.o
 .debug_line    0x00006da2      0xbac ./Drivers/STM32F1xx_HAL_Driver/Src/stm32f1xx_hal_cortex.o
 .debug_line    0x0000794e     0x12e6 ./Drivers/STM32F1xx_HAL_Driver/Src/stm32f1xx_hal_dma.o
 .debug_line    0x00008c34      0xa67 ./Drivers/STM32F1xx_HAL_Driver/Src/stm32f1xx_hal_gpio.o
 .debug_line    0x0000969b     0x3bdf ./Drivers/STM32F1xx_HAL_Driver/Src/stm32f1xx_hal_i2c.o
 .debug_line    0x0000d27a      0xe9b ./Drivers/STM32F1xx_HAL_Driver/Src/stm32f1xx_hal_rcc.o
 .debug_line    0x0000e115     0x1c79 ./Drivers/STM32F1xx_HAL_Driver/Src/stm32f1xx_hal_spi.o
 .debug_line    0x0000fd8e     0x3700 ./Drivers/STM32F1xx_HAL_Driver/Src/stm32f1xx_hal_tim.o
 .debug_line    0x0001348e     0x190c ./Drivers/STM32F1xx_HAL_Driver/Src/stm32f1xx_hal_tim_ex.o
 .debug_line    0x00014d9a     0x24fe ./Drivers/STM32F1xx_HAL_Driver/Src/stm32f1xx_hal_uart.o

.debug_str      0x00000000    0xa00e5
 .debug_str     0x00000000    0xa00e5 ./Core/Src/GAUL_drivers/I2C_Slave.o
                              0x988d7 (size before relaxing)
 .debug_str     0x000a00e5        0x0 ./Core/Src/GAUL_drivers/Pulse_pin.o
                              0x94dfa (size before relaxing)
 .debug_str     0x000a00e5        0x0 ./Core/Src/GAUL_drivers/RFM22.o
                              0x9aaff (size before relaxing)
 .debug_str     0x000a00e5        0x0 ./Core/Src/GAUL_drivers/buzzer.o
                              0x94e8d (size before relaxing)
 .debug_str     0x000a00e5        0x0 ./Core/Src/GAUL_drivers/i2c_lcd.o
                              0x94ce0 (size before relaxing)
 .debug_str     0x000a00e5        0x0 ./Core/Src/GAUL_drivers/timer.o
                              0x94d2c (size before relaxing)
 .debug_str     0x000a00e5        0x0 ./Core/Src/main.o
                              0x9bf0e (size before relaxing)
 .debug_str     0x000a00e5        0x0 ./Core/Src/stm32f1xx_hal_msp.o
                              0x95b9e (size before relaxing)
 .debug_str     0x000a00e5        0x0 ./Core/Src/stm32f1xx_it.o
                              0x95427 (size before relaxing)
 .debug_str     0x000a00e5        0x0 ./Core/Src/sysmem.o
                               0x7736 (size before relaxing)
 .debug_str     0x000a00e5        0x0 ./Core/Src/system_stm32f1xx.o
                              0x9481a (size before relaxing)
 .debug_str     0x000a00e5        0x0 ./Core/Startup/startup_stm32f103retx.o
                                 0x90 (size before relaxing)
 .debug_str     0x000a00e5        0x0 ./Drivers/STM32F1xx_HAL_Driver/Src/stm32f1xx_hal.o
                              0x95031 (size before relaxing)
 .debug_str     0x000a00e5        0x0 ./Drivers/STM32F1xx_HAL_Driver/Src/stm32f1xx_hal_cortex.o
                              0x94f7d (size before relaxing)
 .debug_str     0x000a00e5        0x0 ./Drivers/STM32F1xx_HAL_Driver/Src/stm32f1xx_hal_dma.o
                              0x94bc3 (size before relaxing)