../Core/Src/main.c:87:6:HAL_GPIO_EXTI_Callback	16	static
../Core/Src/main.c:94:6:PUSH_ISR	16	static
../Core/Src/main.c:105:6:signal_strenght_bar	40	static
../Core/Src/main.c:122:6:print_menu	88	static
../Core/Src/main.c:155:5:main	192	static
../Core/Src/main.c:378:6:SystemClock_Config	72	static
../Core/Src/main.c:418:13:MX_I2C1_Init	8	static
../Core/Src/main.c:452:13:MX_SPI1_Init	8	static
../Core/Src/main.c:490:13:MX_TIM1_Init	96	static
../Core/Src/main.c:565:13:MX_TIM2_Init	64	static
../Core/Src/main.c:623:13:MX_TIM3_Init	64	static
../Core/Src/main.c:681:13:MX_TIM4_Init	64	static
../Core/Src/main.c:739:13:MX_TIM5_Init	64	static
../Core/Src/main.c:797:13:MX_UART4_Init	8	static
../Core/Src/main.c:830:13:MX_GPIO_Init	40	static
../Core/Src/main.c:909:6:Error_Handler	4	static,ignoring_inline_asm
